Component: ARM Compiler 5.06 update 7 (build 960) Tool: armlink [4d3601]

==============================================================================

Section Cross References

    startup_stm32g431xx.o(STACK) refers (Special) to heapauxi.o(.text) for __use_two_region_memory
    startup_stm32g431xx.o(HEAP) refers (Special) to heapauxi.o(.text) for __use_two_region_memory
    startup_stm32g431xx.o(RESET) refers (Special) to heapauxi.o(.text) for __use_two_region_memory
    startup_stm32g431xx.o(RESET) refers to startup_stm32g431xx.o(STACK) for __initial_sp
    startup_stm32g431xx.o(RESET) refers to startup_stm32g431xx.o(.text) for Reset_Handler
    startup_stm32g431xx.o(RESET) refers to stm32g4xx_it.o(i.NMI_Handler) for NMI_Handler
    startup_stm32g431xx.o(RESET) refers to stm32g4xx_it.o(i.HardFault_Handler) for HardFault_Handler
    startup_stm32g431xx.o(RESET) refers to stm32g4xx_it.o(i.MemManage_Handler) for MemManage_Handler
    startup_stm32g431xx.o(RESET) refers to stm32g4xx_it.o(i.BusFault_Handler) for BusFault_Handler
    startup_stm32g431xx.o(RESET) refers to stm32g4xx_it.o(i.UsageFault_Handler) for UsageFault_Handler
    startup_stm32g431xx.o(RESET) refers to stm32g4xx_it.o(i.SVC_Handler) for SVC_Handler
    startup_stm32g431xx.o(RESET) refers to stm32g4xx_it.o(i.DebugMon_Handler) for DebugMon_Handler
    startup_stm32g431xx.o(RESET) refers to stm32g4xx_it.o(i.PendSV_Handler) for PendSV_Handler
    startup_stm32g431xx.o(RESET) refers to stm32g4xx_it.o(i.SysTick_Handler) for SysTick_Handler
    startup_stm32g431xx.o(RESET) refers to stm32g4xx_it.o(i.USB_LP_IRQHandler) for USB_LP_IRQHandler
    startup_stm32g431xx.o(RESET) refers to stm32g4xx_it.o(i.TIM2_IRQHandler) for TIM2_IRQHandler
    startup_stm32g431xx.o(RESET) refers to stm32g4xx_it.o(i.USART1_IRQHandler) for USART1_IRQHandler
    startup_stm32g431xx.o(.text) refers (Special) to heapauxi.o(.text) for __use_two_region_memory
    startup_stm32g431xx.o(.text) refers to system_stm32g4xx.o(i.SystemInit) for SystemInit
    startup_stm32g431xx.o(.text) refers to __main.o(!!!main) for __main
    startup_stm32g431xx.o(.text) refers to startup_stm32g431xx.o(HEAP) for Heap_Mem
    startup_stm32g431xx.o(.text) refers to startup_stm32g431xx.o(STACK) for Stack_Mem
    main.o(i.SystemClock_Config) refers to rt_memclr_w.o(.text) for __aeabi_memclr4
    main.o(i.SystemClock_Config) refers to stm32g4xx_hal_pwr_ex.o(i.HAL_PWREx_ControlVoltageScaling) for HAL_PWREx_ControlVoltageScaling
    main.o(i.SystemClock_Config) refers to stm32g4xx_hal_rcc.o(i.HAL_RCC_OscConfig) for HAL_RCC_OscConfig
    main.o(i.SystemClock_Config) refers to stm32g4xx_hal_rcc.o(i.HAL_RCC_ClockConfig) for HAL_RCC_ClockConfig
    main.o(i.main) refers to stm32g4xx_hal.o(i.HAL_Init) for HAL_Init
    main.o(i.main) refers to main.o(i.SystemClock_Config) for SystemClock_Config
    main.o(i.main) refers to gpio.o(i.MX_GPIO_Init) for MX_GPIO_Init
    main.o(i.main) refers to i2c.o(i.MX_I2C1_Init) for MX_I2C1_Init
    main.o(i.main) refers to i2c.o(i.MX_I2C3_Init) for MX_I2C3_Init
    main.o(i.main) refers to tim.o(i.MX_TIM2_Init) for MX_TIM2_Init
    main.o(i.main) refers to usart.o(i.MX_USART1_UART_Init) for MX_USART1_UART_Init
    main.o(i.main) refers to usb_device.o(i.MX_USB_Device_Init) for MX_USB_Device_Init
    main.o(i.main) refers to user_shell.o(i.user_shell_init) for user_shell_init
    main.o(i.main) refers to imu_9.o(i.imu_init) for imu_init
    main.o(i.main) refers to imu_9.o(i.imu_9_shell_cmd_to_do) for imu_9_shell_cmd_to_do
    gpio.o(i.MX_GPIO_Init) refers to rt_memclr_w.o(.text) for __aeabi_memclr4
    gpio.o(i.MX_GPIO_Init) refers to stm32g4xx_hal_gpio.o(i.HAL_GPIO_WritePin) for HAL_GPIO_WritePin
    gpio.o(i.MX_GPIO_Init) refers to stm32g4xx_hal_gpio.o(i.HAL_GPIO_Init) for HAL_GPIO_Init
    i2c.o(i.HAL_I2C_MspDeInit) refers to stm32g4xx_hal_gpio.o(i.HAL_GPIO_DeInit) for HAL_GPIO_DeInit
    i2c.o(i.HAL_I2C_MspInit) refers to rt_memclr_w.o(.text) for __aeabi_memclr4
    i2c.o(i.HAL_I2C_MspInit) refers to stm32g4xx_hal_rcc_ex.o(i.HAL_RCCEx_PeriphCLKConfig) for HAL_RCCEx_PeriphCLKConfig
    i2c.o(i.HAL_I2C_MspInit) refers to main.o(i.Error_Handler) for Error_Handler
    i2c.o(i.HAL_I2C_MspInit) refers to stm32g4xx_hal_gpio.o(i.HAL_GPIO_Init) for HAL_GPIO_Init
    i2c.o(i.MX_I2C1_Init) refers to stm32g4xx_hal_i2c.o(i.HAL_I2C_Init) for HAL_I2C_Init
    i2c.o(i.MX_I2C1_Init) refers to main.o(i.Error_Handler) for Error_Handler
    i2c.o(i.MX_I2C1_Init) refers to stm32g4xx_hal_i2c_ex.o(i.HAL_I2CEx_ConfigAnalogFilter) for HAL_I2CEx_ConfigAnalogFilter
    i2c.o(i.MX_I2C1_Init) refers to stm32g4xx_hal_i2c_ex.o(i.HAL_I2CEx_ConfigDigitalFilter) for HAL_I2CEx_ConfigDigitalFilter
    i2c.o(i.MX_I2C1_Init) refers to i2c.o(.bss) for .bss
    i2c.o(i.MX_I2C3_Init) refers to stm32g4xx_hal_i2c.o(i.HAL_I2C_Init) for HAL_I2C_Init
    i2c.o(i.MX_I2C3_Init) refers to main.o(i.Error_Handler) for Error_Handler
[...]
    HAL_UARTEx_RxFifoFullCallback            0x0800475f   Thumb Code     2  stm32g4xx_hal_uart_ex.o(i.HAL_UARTEx_RxFifoFullCallback)
    HAL_UARTEx_SetRxFifoThreshold            0x08004761   Thumb Code    76  stm32g4xx_hal_uart_ex.o(i.HAL_UARTEx_SetRxFifoThreshold)
    HAL_UARTEx_SetTxFifoThreshold            0x080047ad   Thumb Code    76  stm32g4xx_hal_uart_ex.o(i.HAL_UARTEx_SetTxFifoThreshold)
    HAL_UARTEx_TxFifoEmptyCallback           0x080047f9   Thumb Code     2  stm32g4xx_hal_uart_ex.o(i.HAL_UARTEx_TxFifoEmptyCallback)
    HAL_UARTEx_WakeupCallback                0x080047fb   Thumb Code     2  stm32g4xx_hal_uart_ex.o(i.HAL_UARTEx_WakeupCallback)
    HAL_UART_ErrorCallback                   0x080047fd   Thumb Code     2  stm32g4xx_hal_uart.o(i.HAL_UART_ErrorCallback)
    HAL_UART_IRQHandler                      0x08004801   Thumb Code   766  stm32g4xx_hal_uart.o(i.HAL_UART_IRQHandler)
    HAL_UART_Init                            0x08004b0d   Thumb Code   106  stm32g4xx_hal_uart.o(i.HAL_UART_Init)
    HAL_UART_MspInit                         0x08004b79   Thumb Code   132  usart.o(i.HAL_UART_MspInit)
    HAL_UART_TxCpltCallback                  0x08004c05   Thumb Code     2  stm32g4xx_hal_uart.o(i.HAL_UART_TxCpltCallback)
    HardFault_Handler                        0x08004c07   Thumb Code     2  stm32g4xx_it.o(i.HardFault_Handler)
    MX_GPIO_Init                             0x08004f95   Thumb Code   148  gpio.o(i.MX_GPIO_Init)
    MX_I2C1_Init                             0x08005031   Thumb Code    80  i2c.o(i.MX_I2C1_Init)
    MX_I2C3_Init                             0x08005091   Thumb Code    82  i2c.o(i.MX_I2C3_Init)
    MX_TIM2_Init                             0x080050f5   Thumb Code   100  tim.o(i.MX_TIM2_Init)
    MX_USART1_UART_Init                      0x0800515d   Thumb Code    92  usart.o(i.MX_USART1_UART_Init)
    MX_USB_Device_Init                       0x080051c5   Thumb Code    66  usb_device.o(i.MX_USB_Device_Init)
    MemManage_Handler                        0x08005219   Thumb Code     2  stm32g4xx_it.o(i.MemManage_Handler)
    NMI_Handler                              0x0800521b   Thumb Code     2  stm32g4xx_it.o(i.NMI_Handler)
    PendSV_Handler                           0x080055b3   Thumb Code     2  stm32g4xx_it.o(i.PendSV_Handler)
    STMFLASH_Read                            0x080055b5   Thumb Code    64  in_flash.o(i.STMFLASH_Read)
    STMFLASH_Write                           0x08005601   Thumb Code   110  in_flash.o(i.STMFLASH_Write)
    STMFLASH_Write_NoCheck                   0x08005679   Thumb Code    46  in_flash.o(i.STMFLASH_Write_NoCheck)
    SVC_Handler                              0x080056ad   Thumb Code     2  stm32g4xx_it.o(i.SVC_Handler)
    SysTick_Handler                          0x080056b9   Thumb Code     4  stm32g4xx_it.o(i.SysTick_Handler)
    SystemClock_Config                       0x080056bd   Thumb Code   108  main.o(i.SystemClock_Config)
    SystemInit                               0x08005729   Thumb Code    12  system_stm32g4xx.o(i.SystemInit)
    TIM2_IRQHandler                          0x08005739   Thumb Code     6  stm32g4xx_it.o(i.TIM2_IRQHandler)
    TIM_Base_SetConfig                       0x08005745   Thumb Code   160  stm32g4xx_hal_tim.o(i.TIM_Base_SetConfig)
    TIM_ETR_SetConfig                        0x08005801   Thumb Code    20  stm32g4xx_hal_tim.o(i.TIM_ETR_SetConfig)
    UART_AdvFeatureConfig                    0x080058b5   Thumb Code   200  stm32g4xx_hal_uart.o(i.UART_AdvFeatureConfig)
    UART_CheckIdleState                      0x0800597d   Thumb Code   172  stm32g4xx_hal_uart.o(i.UART_CheckIdleState)
    UART_SetConfig                           0x08005a91   Thumb Code   582  stm32g4xx_hal_uart.o(i.UART_SetConfig)
    UART_WaitOnFlagUntilTimeout              0x08005d05   Thumb Code   148  stm32g4xx_hal_uart.o(i.UART_WaitOnFlagUntilTimeout)
    USART1_IRQHandler                        0x08005d99   Thumb Code     6  stm32g4xx_it.o(i.USART1_IRQHandler)
    USBD_CDC_ConfigStrDescriptor             0x08005da5   Thumb Code    16  usbd_desc.o(i.USBD_CDC_ConfigStrDescriptor)
    USBD_CDC_DeviceDescriptor                0x08005e95   Thumb Code     8  usbd_desc.o(i.USBD_CDC_DeviceDescriptor)
    USBD_CDC_GetDeviceQualifierDescriptor    0x08005ed1   Thumb Code     8  usbd_cdc.o(i.USBD_CDC_GetDeviceQualifierDescriptor)
    USBD_CDC_InterfaceStrDescriptor          0x08005fa5   Thumb Code    16  usbd_desc.o(i.USBD_CDC_InterfaceStrDescriptor)
    USBD_CDC_LangIDStrDescriptor             0x08005fc9   Thumb Code     8  usbd_desc.o(i.USBD_CDC_LangIDStrDescriptor)
    USBD_CDC_ManufacturerStrDescriptor       0x08005fd5   Thumb Code    16  usbd_desc.o(i.USBD_CDC_ManufacturerStrDescriptor)
    USBD_CDC_ProductStrDescriptor            0x08005ffd   Thumb Code    16  usbd_desc.o(i.USBD_CDC_ProductStrDescriptor)
    USBD_CDC_ReceivePacket                   0x08006029   Thumb Code    40  usbd_cdc.o(i.USBD_CDC_ReceivePacket)
    USBD_CDC_RegisterInterface               0x08006051   Thumb Code    14  usbd_cdc.o(i.USBD_CDC_RegisterInterface)
    USBD_CDC_SerialStrDescriptor             0x08006061   Thumb Code    48  usbd_desc.o(i.USBD_CDC_SerialStrDescriptor)
    USBD_CDC_SetRxBuffer                     0x08006099   Thumb Code    18  usbd_cdc.o(i.USBD_CDC_SetRxBuffer)
    USBD_CDC_SetTxBuffer                     0x080060ab   Thumb Code    22  usbd_cdc.o(i.USBD_CDC_SetTxBuffer)
    USBD_CDC_TransmitPacket                  0x0800617f   Thumb Code    54  usbd_cdc.o(i.USBD_CDC_TransmitPacket)
    USBD_ClrClassConfig                      0x080061b5   Thumb Code    16  usbd_core.o(i.USBD_ClrClassConfig)
    USBD_CtlContinueRx                       0x080061c5   Thumb Code    16  usbd_ioreq.o(i.USBD_CtlContinueRx)
    USBD_CtlContinueSendData                 0x080061d5   Thumb Code    16  usbd_ioreq.o(i.USBD_CtlContinueSendData)
    USBD_CtlError                            0x080061e5   Thumb Code    22  usbd_ctlreq.o(i.USBD_CtlError)
    USBD_CtlPrepareRx                        0x080061fb   Thumb Code    30  usbd_ioreq.o(i.USBD_CtlPrepareRx)
    USBD_CtlReceiveStatus                    0x08006219   Thumb Code    22  usbd_ioreq.o(i.USBD_CtlReceiveStatus)
    USBD_CtlSendData                         0x0800622f   Thumb Code    26  usbd_ioreq.o(i.USBD_CtlSendData)
    USBD_CtlSendStatus                       0x08006249   Thumb Code    22  usbd_ioreq.o(i.USBD_CtlSendStatus)
    USBD_GetString                           0x08006359   Thumb Code    72  usbd_ctlreq.o(i.USBD_GetString)
    USBD_Init                                0x080063b9   Thumb Code    38  usbd_core.o(i.USBD_Init)
    USBD_LL_ClearStallEP                     0x080063df   Thumb Code    18  usbd_conf.o(i.USBD_LL_ClearStallEP)
    USBD_LL_CloseEP                          0x080063f1   Thumb Code    18  usbd_conf.o(i.USBD_LL_CloseEP)
    USBD_LL_DataInStage                      0x08006403   Thumb Code   168  usbd_core.o(i.USBD_LL_DataInStage)
    USBD_LL_DataOutStage                     0x080064ab   Thumb Code   108  usbd_core.o(i.USBD_LL_DataOutStage)
    USBD_LL_GetRxDataSize                    0x08006517   Thumb Code     8  usbd_conf.o(i.USBD_LL_GetRxDataSize)
    USBD_LL_Init                             0x08006521   Thumb Code   124  usbd_conf.o(i.USBD_LL_Init)
    USBD_LL_IsStallEP                        0x080065a5   Thumb Code    30  usbd_conf.o(i.USBD_LL_IsStallEP)
    USBD_LL_OpenEP                           0x080065c3   Thumb Code    24  usbd_conf.o(i.USBD_LL_OpenEP)
    USBD_LL_PrepareReceive                   0x080065db   Thumb Code    18  usbd_conf.o(i.USBD_LL_PrepareReceive)
    USBD_LL_Reset                            0x080065ed   Thumb Code    90  usbd_core.o(i.USBD_LL_Reset)
    USBD_LL_Resume                           0x08006647   Thumb Code    20  usbd_core.o(i.USBD_LL_Resume)
    USBD_LL_SOF                              0x0800665b   Thumb Code    32  usbd_core.o(i.USBD_LL_SOF)
    USBD_LL_SetSpeed                         0x0800667b   Thumb Code     6  usbd_core.o(i.USBD_LL_SetSpeed)
    USBD_LL_SetUSBAddress                    0x08006681   Thumb Code    18  usbd_conf.o(i.USBD_LL_SetUSBAddress)
    USBD_LL_SetupStage                       0x08006693   Thumb Code    96  usbd_core.o(i.USBD_LL_SetupStage)
    USBD_LL_StallEP                          0x080066f3   Thumb Code    18  usbd_conf.o(i.USBD_LL_StallEP)
    USBD_LL_Start                            0x08006705   Thumb Code    18  usbd_conf.o(i.USBD_LL_Start)
    USBD_LL_Suspend                          0x08006717   Thumb Code    18  usbd_core.o(i.USBD_LL_Suspend)
    USBD_LL_Transmit                         0x08006729   Thumb Code    18  usbd_conf.o(i.USBD_LL_Transmit)
    USBD_ParseSetupRequest                   0x0800673b   Thumb Code    44  usbd_ctlreq.o(i.USBD_ParseSetupRequest)
    USBD_RegisterClass                       0x08006767   Thumb Code    36  usbd_core.o(i.USBD_RegisterClass)
    USBD_SetClassConfig                      0x0800678b   Thumb Code    20  usbd_core.o(i.USBD_SetClassConfig)
    USBD_Start                               0x0800685d   Thumb Code     4  usbd_core.o(i.USBD_Start)
    USBD_StdDevReq                           0x08006861   Thumb Code   276  usbd_ctlreq.o(i.USBD_StdDevReq)
    USBD_StdEPReq                            0x08006975   Thumb Code   320  usbd_ctlreq.o(i.USBD_StdEPReq)
    USBD_StdItfReq                           0x08006ab5   Thumb Code    82  usbd_ctlreq.o(i.USBD_StdItfReq)
    USBD_static_free                         0x08006b07   Thumb Code     2  usbd_conf.o(i.USBD_static_free)
    USBD_static_malloc                       0x08006b09   Thumb Code     4  usbd_conf.o(i.USBD_static_malloc)
    USB_ActivateEndpoint                     0x08006b11   Thumb Code   668  stm32g4xx_ll_usb.o(i.USB_ActivateEndpoint)
    USB_DeactivateEndpoint                   0x08006dad   Thumb Code   270  stm32g4xx_ll_usb.o(i.USB_DeactivateEndpoint)
    USB_DevConnect                           0x08006ebb   Thumb Code    14  stm32g4xx_ll_usb.o(i.USB_DevConnect)
    USB_DevInit                              0x08006ec9   Thumb Code    18  stm32g4xx_ll_usb.o(i.USB_DevInit)
    USB_DisableGlobalInt                     0x08006edb   Thumb Code    16  stm32g4xx_ll_usb.o(i.USB_DisableGlobalInt)
    USB_EPClearStall                         0x08006eeb   Thumb Code   120  stm32g4xx_ll_usb.o(i.USB_EPClearStall)
    USB_EPSetStall                           0x08006f63   Thumb Code    50  stm32g4xx_ll_usb.o(i.USB_EPSetStall)
    USB_EPStartXfer                          0x08006f95   Thumb Code  1250  stm32g4xx_ll_usb.o(i.USB_EPStartXfer)
    USB_EnableGlobalInt                      0x08007477   Thumb Code    18  stm32g4xx_ll_usb.o(i.USB_EnableGlobalInt)
    USB_LP_IRQHandler                        0x08007489   Thumb Code     6  stm32g4xx_it.o(i.USB_LP_IRQHandler)
    USB_ReadInterrupts                       0x08007495   Thumb Code     6  stm32g4xx_ll_usb.o(i.USB_ReadInterrupts)
    USB_ReadPMA                              0x0800749b   Thumb Code    40  stm32g4xx_ll_usb.o(i.USB_ReadPMA)
    USB_SetDevAddress                        0x080074c3   Thumb Code    12  stm32g4xx_ll_usb.o(i.USB_SetDevAddress)
    USB_WritePMA                             0x080074d1   Thumb Code    38  stm32g4xx_ll_usb.o(i.USB_WritePMA)
    UsageFault_Handler                       0x080074f7   Thumb Code     2  stm32g4xx_it.o(i.UsageFault_Handler)
    __ARM_fpclassify                         0x080074f9   Thumb Code    48  fpclassify.o(i.__ARM_fpclassify)
    __hardfp_atan                            0x08007571   Thumb Code   622  atan.o(i.__hardfp_atan)
    __hardfp_atan2                           0x08007849   Thumb Code   448  atan2.o(i.__hardfp_atan2)
    __kernel_poly                            0x08007a49   Thumb Code   248  poly.o(i.__kernel_poly)
    __mathlib_dbl_infnan                     0x08007b41   Thumb Code    20  dunder.o(i.__mathlib_dbl_infnan)
    __mathlib_dbl_infnan2                    0x08007b55   Thumb Code    20  dunder.o(i.__mathlib_dbl_infnan2)
    __mathlib_dbl_underflow                  0x08007b69   Thumb Code    24  dunder.o(i.__mathlib_dbl_underflow)
    _is_digit                                0x08007b89   Thumb Code    14  __printf_wp.o(i._is_digit)
    acc_gyro_init                            0x08007b99   Thumb Code    72  acc_gry.o(i.acc_gyro_init)
    acc_gyro_sample_data                     0x08007be5   Thumb Code   116  acc_gry.o(i.acc_gyro_sample_data)
    arcsin                                   0x08007c59   Thumb Code    34  my_math.o(i.arcsin)
    arctan1                                  0x08007c7d   Thumb Code   226  my_math.o(i.arctan1)
    arctan2                                  0x08007d6d   Thumb Code   152  my_math.o(i.arctan2)
    atan                                     0x08007e19   Thumb Code    16  atan.o(i.atan)
    calculate_attitude                       0x08007e29   Thumb Code  1580  attitude.o(i.calculate_attitude)
    cmd_cali                                 0x08008455   Thumb Code    66  user_shell.o(i.cmd_cali)
    cmd_modify_freq                          0x080084bd   Thumb Code    22  user_shell.o(i.cmd_modify_freq)
    cmd_output                               0x080084d9   Thumb Code   220  user_shell.o(i.cmd_output)
    cmd_reset                                0x08008679   Thumb Code     6  user_shell.o(i.cmd_reset)
    cmd_restore                              0x08008681   Thumb Code    36  user_shell.o(i.cmd_restore)
    console_driver_init                      0x080086a9   Thumb Code    22  shell_driver.o(i.console_driver_init)
    data_output_mode                         0x080086ed   Thumb Code   344  imu_9.o(i.data_output_mode)
    fabs                                     0x08008871   Thumb Code    24  fabs.o(i.fabs)
    fast_sqrt                                0x08008889   Thumb Code    60  my_math.o(i.fast_sqrt)
    imu_9_shell_cmd_to_do                    0x080088c9   Thumb Code    74  imu_9.o(i.imu_9_shell_cmd_to_do)
    imu_data_transition                      0x0800891d   Thumb Code   252  imu_9.o(i.imu_data_transition)
    imu_final_data_get                       0x08008a25   Thumb Code   180  imu_9.o(i.imu_final_data_get)
    imu_init                                 0x08008add   Thumb Code    44  imu_9.o(i.imu_init)
    imu_sample_data                          0x08008b15   Thumb Code    22  imu_9.o(i.imu_sample_data)
    init_attitude                            0x08008b31   Thumb Code   224  attitude.o(i.init_attitude)
    mag_init                                 0x08008c19   Thumb Code    90  magnetic.o(i.mag_init)
    mag_sample_data                          0x08008c79   Thumb Code    60  magnetic.o(i.mag_sample_data)
    mag_set_offset                           0x08008cb5   Thumb Code   388  magnetic.o(i.mag_set_offset)
    main                                     0x08008e49   Thumb Code    46  main.o(i.main)
    my_cos                                   0x08008e79   Thumb Code    12  my_math.o(i.my_cos)
    my_sin                                   0x08008e89   Thumb Code    96  my_math.o(i.my_sin)
    read_flash_information                   0x08008fd5   Thumb Code   266  imu_9.o(i.read_flash_information)
    set_acc_gyro_offset                      0x080090ed   Thumb Code   154  acc_gry.o(i.set_acc_gyro_offset)
    shell_console_hande                      0x08009191   Thumb Code    26  shell_driver.o(i.shell_console_hande)
    simple_3d_trans                          0x0800921d   Thumb Code   206  attitude.o(i.simple_3d_trans)
    translateAngle                           0x080092f1   Thumb Code    40  my_math.o(i.translateAngle)
    usb_printf                               0x08009325   Thumb Code    42  debug.o(i.usb_printf)
    user_shell_init                          0x08009351   Thumb Code    52  user_shell.o(i.user_shell_init)
    user_shell_recive_bytes                  0x08009389   Thumb Code     6  user_shell.o(i.user_shell_recive_bytes)
    vofa_FireWater_USB_output                0x08009391   Thumb Code    94  debug.o(i.vofa_FireWater_USB_output)
    window_filter                            0x08009409   Thumb Code    62  data_filter.o(i.window_filter)
    _get_lc_numeric                          0x08009449   Thumb Code    44  lc_numeric_c.o(locale$$code)
    _get_lc_ctype                            0x08009475   Thumb Code    44  lc_ctype_c.o(locale$$code)
    __aeabi_dneg                             0x080094a1   Thumb Code     0  basic.o(x$fpl$basic)
    _dneg                                    0x080094a1   Thumb Code     6  basic.o(x$fpl$basic)
    __aeabi_fneg                             0x080094a7   Thumb Code     0  basic.o(x$fpl$basic)
    _fneg                                    0x080094a7   Thumb Code     6  basic.o(x$fpl$basic)
    _dabs                                    0x080094ad   Thumb Code     6  basic.o(x$fpl$basic)
    _fabs                                    0x080094b3   Thumb Code     6  basic.o(x$fpl$basic)
    __aeabi_d2f                              0x080094b9   Thumb Code     0  d2f.o(x$fpl$d2f)
    _d2f                                     0x080094b9   Thumb Code    98  d2f.o(x$fpl$d2f)
    __aeabi_dadd                             0x0800951d   Thumb Code     0  daddsub_clz.o(x$fpl$dadd)
    _dadd                                    0x0800951d   Thumb Code   332  daddsub_clz.o(x$fpl$dadd)
    __fpl_dcmp_Inf                           0x0800966d   Thumb Code    24  dcmpi.o(x$fpl$dcmpinf)
    __aeabi_ddiv                             0x08009685   Thumb Code     0  ddiv.o(x$fpl$ddiv)
    _ddiv                                    0x08009685   Thumb Code   552  ddiv.o(x$fpl$ddiv)
    __aeabi_cdcmpeq                          0x08009935   Thumb Code     0  deqf.o(x$fpl$deqf)
    _dcmpeq                                  0x08009935   Thumb Code   120  deqf.o(x$fpl$deqf)
    __aeabi_dmul                             0x080099ad   Thumb Code     0  dmul.o(x$fpl$dmul)
    _dmul                                    0x080099ad   Thumb Code   332  dmul.o(x$fpl$dmul)
    __fpl_dnaninf                            0x08009b01   Thumb Code   156  dnaninf.o(x$fpl$dnaninf)
    __fpl_dretinf                            0x08009b9d   Thumb Code    12  dretinf.o(x$fpl$dretinf)
    __aeabi_drsub                            0x08009ba9   Thumb Code     0  daddsub_clz.o(x$fpl$drsb)
    _drsb                                    0x08009ba9   Thumb Code    22  daddsub_clz.o(x$fpl$drsb)
    __aeabi_dsub                             0x08009bc1   Thumb Code     0  daddsub_clz.o(x$fpl$dsub)
    _dsub                                    0x08009bc1   Thumb Code   464  daddsub_clz.o(x$fpl$dsub)
    __aeabi_f2d                              0x08009d95   Thumb Code     0  f2d.o(x$fpl$f2d)
    _f2d                                     0x08009d95   Thumb Code    86  f2d.o(x$fpl$f2d)
    __fpl_fnaninf                            0x08009deb   Thumb Code   140  fnaninf.o(x$fpl$fnaninf)
    _fp_init                                 0x08009e77   Thumb Code    10  fpinit.o(x$fpl$fpinit)
    __fplib_config_fpu_vfp                   0x08009e7f   Thumb Code     0  fpinit.o(x$fpl$fpinit)
    __fplib_config_pureend_doubles           0x08009e7f   Thumb Code     0  fpinit.o(x$fpl$fpinit)
    __fpl_fretinf                            0x08009e81   Thumb Code    10  fretinf.o(x$fpl$fretinf)
    _printf_fp_dec                           0x08009e8b   Thumb Code     4  printf1.o(x$fpl$printf1)
    _printf_fp_hex                           0x08009e8f   Thumb Code     4  printf2.o(x$fpl$printf2)
    UARTPrescTable                           0x08009e92   Data          24  stm32g4xx_hal_uart.o(.constdata)
    __I$use$fp                               0x08009e92   Number         0  usenofp.o(x$fpl$usenofp)
    AHBPrescTable                            0x08009eba   Data          16  system_stm32g4xx.o(.constdata)
    APBPrescTable                            0x08009eca   Data           8  system_stm32g4xx.o(.constdata)
    __mathlib_zero                           0x08009fb0   Data           8  qnan.o(.constdata)
    Region$$Table$$Base                      0x0800a09c   Number         0  anon$$obj.o(Region$$Table)
    Region$$Table$$Limit                     0x0800a0bc   Number         0  anon$$obj.o(Region$$Table)
    __ctype                                  0x0800a0e5   Data           0  lc_ctype_c.o(locale$$data)
    CDC_Desc                                 0x20000000   Data          32  usbd_desc.o(.data)
    USBD_LangIDDesc                          0x20000020   Data           4  usbd_desc.o(.data)
    USBD_CDC_DeviceDesc                      0x20000024   Data          18  usbd_desc.o(.data)
    USBD_StringSerial                        0x20000038   Data          26  usbd_desc.o(.data)
    cdc_rx_len                               0x20000052   Data           2  usbd_cdc_if.o(.data)
    USBD_Interface_fops_FS                   0x20000054   Data          20  usbd_cdc_if.o(.data)
    uwTickPrio                               0x20000068   Data           4  stm32g4xx_hal.o(.data)
    uwTickFreq                               0x2000006c   Data           4  stm32g4xx_hal.o(.data)
    uwTick                                   0x20000070   Data           4  stm32g4xx_hal.o(.data)
    pFlash                                   0x20000074   Data          32  stm32g4xx_hal_flash.o(.data)
    SystemCoreClock                          0x20000094   Data           4  system_stm32g4xx.o(.data)
    USBD_CDC                                 0x20000174   Data          56  usbd_cdc.o(.data)
    acc_gyro_init_reg                        0x200001ac   Data          40  acc_gry.o(.data)
    mag_x_max                                0x200001d4   Data           2  magnetic.o(.data)
    mag_x_min                                0x200001d6   Data           2  magnetic.o(.data)
    mag_y_max                                0x200001d8   Data           2  magnetic.o(.data)
    mag_y_min                                0x200001da   Data           2  magnetic.o(.data)
    mag_z_max                                0x200001dc   Data           2  magnetic.o(.data)
    mag_z_min                                0x200001de   Data           2  magnetic.o(.data)
    mag_init_reg                             0x200001e8   Data          20  magnetic.o(.data)
    hi2c1                                    0x20000270   Data          84  i2c.o(.bss)
    hi2c3                                    0x200002c4   Data          84  i2c.o(.bss)
    htim2                                    0x20000318   Data          76  tim.o(.bss)
    huart1                                   0x20000364   Data         148  usart.o(.bss)
    hpcd_USB_FS                              0x20000618   Data         732  usbd_conf.o(.bss)
    hUsbDeviceFS                             0x200008f4   Data         720  usb_device.o(.bss)
    USBD_StrDesc                             0x20000bc4   Data         512  usbd_desc.o(.bss)
    UserRxBufferFS                           0x20000dc4   Data        1024  usbd_cdc_if.o(.bss)
    UserTxBufferFS                           0x200011c4   Data        1024  usbd_cdc_if.o(.bss)
    attitude                                 0x200015c4   Data         208  attitude.o(.bss)
    f_data                                   0x20001698   Data        2048  in_flash.o(.bss)
    shell_context                            0x20001e98   Data         232  shell_driver.o(.bss)
    imu_9                                    0x20001f80   Data         148  imu_9.o(.bss)
    window_ax                                0x20002014   Data          10  imu_9.o(.bss)
    window_ay                                0x2000201e   Data          10  imu_9.o(.bss)
    window_az                                0x20002028   Data          10  imu_9.o(.bss)
    window_gx                                0x20002032   Data          10  imu_9.o(.bss)
    window_gy                                0x2000203c   Data          10  imu_9.o(.bss)
    window_gz                                0x20002046   Data          10  imu_9.o(.bss)
    window_mx                                0x20002050   Data          10  imu_9.o(.bss)
    window_my                                0x2000205a   Data          10  imu_9.o(.bss)
    window_mz                                0x20002064   Data          10  imu_9.o(.bss)
    __libspace_start                         0x20002070   Data          96  libspace.o(.bss)
    __temporary_stack_top$libspace           0x200020d0   Data           0  libspace.o(.bss)



==============================================================================

Memory Map of the image

  Image Entry point : 0x080001d9

  Load Region LR_IROM1 (Base: 0x08000000, Size: 0x0000a458, Max: 0x00020000, ABSOLUTE, COMPRESSED[0x0000a2f4])

    Execution Region ER_IROM1 (Exec base: 0x08000000, Load base: 0x08000000, Size: 0x0000a1e8, Max: 0x00020000, ABSOLUTE)

    Exec Addr    Load Addr    Size         Type   Attr      Idx    E Section Name        Object

    0x08000000   0x08000000   0x000001d8   Data   RO            3    RESET               startup_stm32g431xx.o
    0x080001d8   0x080001d8   0x00000008   Code   RO         6267  * !!!main             c_w.l(__main.o)
    0x080001e0   0x080001e0   0x00000034   Code   RO         6842    !!!scatter          c_w.l(__scatter.o)
    0x08000214   0x08000214   0x0000005a   Code   RO         6840    !!dczerorl2         c_w.l(__dczerorl2.o)
    0x0800026e   0x0800026e   0x00000002   PAD
    0x08000270   0x08000270   0x0000001c   Code   RO         6844    !!handler_zi        c_w.l(__scatter_zi.o)
    0x0800028c   0x0800028c   0x00000000   Code   RO         6249    .ARM.Collect$$_printf_percent$$00000000  c_w.l(_printf_percent.o)
    0x0800028c   0x0800028c   0x00000006   Code   RO         6373    .ARM.Collect$$_printf_percent$$00000001  c_w.l(_printf_n.o)
    0x08000292   0x08000292   0x00000006   Code   RO         6375    .ARM.Collect$$_printf_percent$$00000002  c_w.l(_printf_p.o)
    0x08000298   0x08000298   0x00000006   Code   RO         6248    .ARM.Collect$$_printf_percent$$00000003  c_w.l(_printf_f.o)
    0x0800029e   0x0800029e   0x00000006   Code   RO         6380    .ARM.Collect$$_printf_percent$$00000004  c_w.l(_printf_e.o)
    0x080002a4   0x080002a4   0x00000006   Code   RO         6381    .ARM.Collect$$_printf_percent$$00000005  c_w.l(_printf_g.o)
    0x080002aa   0x080002aa   0x00000006   Code   RO         6382    .ARM.Collect$$_printf_percent$$00000006  c_w.l(_printf_a.o)
    0x080002b0   0x080002b0   0x0000000a   Code   RO         6387    .ARM.Collect$$_printf_percent$$00000007  c_w.l(_printf_ll.o)
    0x080002ba   0x080002ba   0x00000006   Code   RO         6377    .ARM.Collect$$_printf_percent$$00000008  c_w.l(_printf_i.o)
    0x080002c0   0x080002c0   0x00000006   Code   RO         6378    .ARM.Collect$$_printf_percent$$00000009  c_w.l(_printf_d.o)
    0x080002c6   0x080002c6   0x00000006   Code   RO         6379    .ARM.Collect$$_printf_percent$$0000000A  c_w.l(_printf_u.o)
    0x080002cc   0x080002cc   0x00000006   Code   RO         6376    .ARM.Collect$$_printf_percent$$0000000B  c_w.l(_printf_o.o)
    0x080002d2   0x080002d2   0x00000006   Code   RO         6374    .ARM.Collect$$_printf_percent$$0000000C  c_w.l(_printf_x.o)
    0x080002d8   0x080002d8   0x00000006   Code   RO         6384    .ARM.Collect$$_printf_percent$$0000000D  c_w.l(_printf_lli.o)
    0x080002de   0x080002de   0x00000006   Code   RO         6385    .ARM.Collect$$_printf_percent$$0000000E  c_w.l(_printf_lld.o)
    0x080002e4   0x080002e4   0x00000006   Code   RO         6386    .ARM.Collect$$_printf_percent$$0000000F  c_w.l(_printf_llu.o)
    0x080002ea   0x080002ea   0x00000006   Code   RO         6391    .ARM.Collect$$_printf_percent$$00000010  c_w.l(_printf_llo.o)
    0x080002f0   0x080002f0   0x00000006   Code   RO         6392    .ARM.Collect$$_printf_percent$$00000011  c_w.l(_printf_llx.o)
    0x080002f6   0x080002f6   0x0000000a   Code   RO         6388    .ARM.Collect$$_printf_percent$$00000012  c_w.l(_printf_l.o)
    0x08000300   0x08000300   0x00000006   Code   RO         6371    .ARM.Collect$$_printf_percent$$00000013  c_w.l(_printf_c.o)
    0x08000306   0x08000306   0x00000006   Code   RO         6372    .ARM.Collect$$_printf_percent$$00000014  c_w.l(_printf_s.o)
    0x0800030c   0x0800030c   0x00000006   Code   RO         6389    .ARM.Collect$$_printf_percent$$00000015  c_w.l(_printf_lc.o)
    0x08000312   0x08000312   0x00000006   Code   RO         6390    .ARM.Collect$$_printf_percent$$00000016  c_w.l(_printf_ls.o)
    0x08000318   0x08000318   0x00000004   Code   RO         6383    .ARM.Collect$$_printf_percent$$00000017  c_w.l(_printf_percent_end.o)
    0x0800031c   0x0800031c   0x00000002   Code   RO         6655    .ARM.Collect$$libinit$$00000000  c_w.l(libinit.o)
    0x0800031e   0x0800031e   0x00000004   Code   RO         6656    .ARM.Collect$$libinit$$00000001  c_w.l(libinit2.o)
    0x08000322   0x08000322   0x00000000   Code   RO         6659    .ARM.Collect$$libinit$$00000004  c_w.l(libinit2.o)
    0x08000322   0x08000322   0x00000000   Code   RO         6662    .ARM.Collect$$libinit$$0000000A  c_w.l(libinit2.o)
    0x08000322   0x08000322   0x00000000   Code   RO         6664    .ARM.Collect$$libinit$$0000000C  c_w.l(libinit2.o)
    0x08000322   0x08000322   0x00000000   Code   RO         6666    .ARM.Collect$$libinit$$0000000E  c_w.l(libinit2.o)
    0x08000322   0x08000322   0x00000006   Code   RO         6667    .ARM.Collect$$libinit$$0000000F  c_w.l(libinit2.o)
    0x08000328   0x08000328   0x00000000   Code   RO         6669    .ARM.Collect$$libinit$$00000011  c_w.l(libinit2.o)
    0x08000328   0x08000328   0x0000000c   Code   RO         6670    .ARM.Collect$$libinit$$00000012  c_w.l(libinit2.o)
    0x08000334   0x08000334   0x00000000   Code   RO         6671    .ARM.Collect$$libinit$$00000013  c_w.l(libinit2.o)
    0x08000334   0x08000334   0x00000000   Code   RO         6673    .ARM.Collect$$libinit$$00000015  c_w.l(libinit2.o)
    0x08000334   0x08000334   0x0000000a   Code   RO         6674    .ARM.Collect$$libinit$$00000016  c_w.l(libinit2.o)
    0x0800033e   0x0800033e   0x00000000   Code   RO         6675    .ARM.Collect$$libinit$$00000017  c_w.l(libinit2.o)
    0x0800033e   0x0800033e   0x00000000   Code   RO         6677    .ARM.Collect$$libinit$$00000019  c_w.l(libinit2.o)
    0x0800033e   0x0800033e   0x00000000   Code   RO         6679    .ARM.Collect$$libinit$$0000001B  c_w.l(libinit2.o)
    0x0800033e   0x0800033e   0x00000000   Code   RO         6681    .ARM.Collect$$libinit$$0000001D  c_w.l(libinit2.o)
    0x0800033e   0x0800033e   0x00000000   Code   RO         6683    .ARM.Collect$$libinit$$0000001F  c_w.l(libinit2.o)
    0x0800033e   0x0800033e   0x00000000   Code   RO         6685    .ARM.Collect$$libinit$$00000021  c_w.l(libinit2.o)
    0x0800033e   0x0800033e   0x00000000   Code   RO         6687    .ARM.Collect$$libinit$$00000023  c_w.l(libinit2.o)
    0x0800033e   0x0800033e   0x00000000   Code   RO         6689    .ARM.Collect$$libinit$$00000025  c_w.l(libinit2.o)
    0x0800033e   0x0800033e   0x00000000   Code   RO         6693    .ARM.Collect$$libinit$$0000002C  c_w.l(libinit2.o)
    0x0800033e   0x0800033e   0x00000000   Code   RO         6695    .ARM.Collect$$libinit$$0000002E  c_w.l(libinit2.o)
    0x0800033e   0x0800033e   0x00000000   Code   RO         6697    .ARM.Collect$$libinit$$00000030  c_w.l(libinit2.o)
    0x0800033e   0x0800033e   0x00000000   Code   RO         6699    .ARM.Collect$$libinit$$00000032  c_w.l(libinit2.o)
    0x0800033e   0x0800033e   0x00000002   Code   RO         6700    .ARM.Collect$$libinit$$00000033  c_w.l(libinit2.o)
    0x08000340   0x08000340   0x00000002   Code   RO         6821    .ARM.Collect$$libshutdown$$00000000  c_w.l(libshutdown.o)
    0x08000342   0x08000342   0x00000000   Code   RO         6702    .ARM.Collect$$libshutdown$$00000002  c_w.l(libshutdown2.o)
    0x08000342   0x08000342   0x00000000   Code   RO         6704    .ARM.Collect$$libshutdown$$00000004  c_w.l(libshutdown2.o)
    0x08000342   0x08000342   0x00000000   Code   RO         6706    .ARM.Collect$$libshutdown$$00000006  c_w.l(libshutdown2.o)
    0x08000342   0x08000342   0x00000000   Code   RO         6709    .ARM.Collect$$libshutdown$$00000009  c_w.l(libshutdown2.o)
    0x08000342   0x08000342   0x00000000   Code   RO         6712    .ARM.Collect$$libshutdown$$0000000C  c_w.l(libshutdown2.o)
    0x08000342   0x08000342   0x00000000   Code   RO         6714    .ARM.Collect$$libshutdown$$0000000E  c_w.l(libshutdown2.o)
    0x08000342   0x08000342   0x00000000   Code   RO         6717    .ARM.Collect$$libshutdown$$00000011  c_w.l(libshutdown2.o)
    0x08000342   0x08000342   0x00000002   Code   RO         6718    .ARM.Collect$$libshutdown$$00000012  c_w.l(libshutdown2.o)
    0x08000344   0x08000344   0x00000000   Code   RO         6307    .ARM.Collect$$rtentry$$00000000  c_w.l(__rtentry.o)
    0x08000344   0x08000344   0x00000000   Code   RO         6469    .ARM.Collect$$rtentry$$00000002  c_w.l(__rtentry2.o)
    0x08000344   0x08000344   0x00000006   Code   RO         6481    .ARM.Collect$$rtentry$$00000004  c_w.l(__rtentry4.o)
    0x0800034a   0x0800034a   0x00000000   Code   RO         6471    .ARM.Collect$$rtentry$$00000009  c_w.l(__rtentry2.o)
    0x0800034a   0x0800034a   0x00000004   Code   RO         6472    .ARM.Collect$$rtentry$$0000000A  c_w.l(__rtentry2.o)
    0x0800034e   0x0800034e   0x00000000   Code   RO         6474    .ARM.Collect$$rtentry$$0000000C  c_w.l(__rtentry2.o)
    0x0800034e   0x0800034e   0x00000008   Code   RO         6475    .ARM.Collect$$rtentry$$0000000D  c_w.l(__rtentry2.o)
    0x08000356   0x08000356   0x00000002   Code   RO         6722    .ARM.Collect$$rtexit$$00000000  c_w.l(rtexit.o)
    0x08000358   0x08000358   0x00000000   Code   RO         6772    .ARM.Collect$$rtexit$$00000002  c_w.l(rtexit2.o)
    0x08000358   0x08000358   0x00000004   Code   RO         6773    .ARM.Collect$$rtexit$$00000003  c_w.l(rtexit2.o)
    0x0800035c   0x0800035c   0x00000006   Code   RO         6774    .ARM.Collect$$rtexit$$00000004  c_w.l(rtexit2.o)
    0x08000362   0x08000362   0x00000002   PAD
    0x08000364   0x08000364   0x00000040   Code   RO            4    .text               startup_stm32g431xx.o
    0x080003a4   0x080003a4   0x000000ee   Code   RO         6218    .text               c_w.l(lludivv7m.o)
    0x08000492   0x08000492   0x00000002   PAD
    0x08000494   0x08000494   0x00000034   Code   RO         6220    .text               c_w.l(vsnprintf.o)
    0x080004c8   0x080004c8   0x00000188   Code   RO         6245    .text               c_w.l(__printf_flags_ss_wp.o)
    0x08000650   0x08000650   0x0000001a   Code   RO         6250    .text               c_w.l(atoi.o)
    0x0800066a   0x0800066a   0x00000002   PAD
    0x0800066c   0x0800066c   0x0000000c   Code   RO         6252    .text               c_w.l(strtok.o)
    0x08000678   0x08000678   0x00000024   Code   RO         6255    .text               c_w.l(strstr.o)
    0x0800069c   0x0800069c   0x00000048   Code   RO         6257    .text               c_w.l(strcpy.o)
    0x080006e4   0x080006e4   0x0000004e   Code   RO         6261    .text               c_w.l(rt_memclr_w.o)
    0x08000732   0x08000732   0x00000002   PAD
    0x08000734   0x08000734   0x00000080   Code   RO         6263    .text               c_w.l(strcmpv7m.o)
    0x080007b4   0x080007b4   0x00000006   Code   RO         6265    .text               c_w.l(heapauxi.o)
    0x080007ba   0x080007ba   0x00000002   PAD
    0x080007bc   0x080007bc   0x00000008   Code   RO         6315    .text               c_w.l(rt_errno_addr_intlibspace.o)
    0x080007c4   0x080007c4   0x00000016   Code   RO         6317    .text               c_w.l(_rserrno.o)
    0x080007da   0x080007da   0x0000004e   Code   RO         6319    .text               c_w.l(_printf_pad.o)
    0x08000828   0x08000828   0x00000024   Code   RO         6321    .text               c_w.l(_printf_truncate.o)
    0x0800084c   0x0800084c   0x00000052   Code   RO         6323    .text               c_w.l(_printf_str.o)
    0x0800089e   0x0800089e   0x00000002   PAD
    0x080008a0   0x080008a0   0x00000078   Code   RO         6325    .text               c_w.l(_printf_dec.o)
    0x08000918   0x08000918   0x00000028   Code   RO         6327    .text               c_w.l(_printf_charcount.o)
    0x08000940   0x08000940   0x0000041e   Code   RO         6329    .text               c_w.l(_printf_fp_dec.o)
    0x08000d5e   0x08000d5e   0x00000002   PAD
    0x08000d60   0x08000d60   0x00000030   Code   RO         6331    .text               c_w.l(_printf_char_common.o)
    0x08000d90   0x08000d90   0x0000000a   Code   RO         6333    .text               c_w.l(_sputc.o)
    0x08000d9a   0x08000d9a   0x00000010   Code   RO         6335    .text               c_w.l(_snputc.o)
    0x08000daa   0x08000daa   0x00000002   PAD
    0x08000dac   0x08000dac   0x000000bc   Code   RO         6339    .text               c_w.l(_printf_wctomb.o)
    0x08000e68   0x08000e68   0x0000007c   Code   RO         6342    .text               c_w.l(_printf_longlong_dec.o)
    0x08000ee4   0x08000ee4   0x00000070   Code   RO         6348    .text               c_w.l(_printf_oct_int_ll.o)
    0x08000f54   0x08000f54   0x00000094   Code   RO         6368    .text               c_w.l(_printf_hex_int_ll_ptr.o)
    0x08000fe8   0x08000fe8   0x00000070   Code   RO         6393    .text               c_w.l(strtol.o)
    0x08001058   0x08001058   0x00000044   Code   RO         6401    .text               c_w.l(strtok_int.o)
    0x0800109c   0x0800109c   0x00000008   Code   RO         6465    .text               c_w.l(libspace.o)
    0x080010a4   0x080010a4   0x00000010   Code   RO         6483    .text               c_w.l(rt_ctype_table.o)
    0x080010b4   0x080010b4   0x00000008   Code   RO         6490    .text               c_w.l(rt_locale_intlibspace.o)
    0x080010bc   0x080010bc   0x0000008a   Code   RO         6492    .text               c_w.l(lludiv10.o)
    0x08001146   0x08001146   0x000000b2   Code   RO         6494    .text               c_w.l(_printf_intcommon.o)
    0x080011f8   0x080011f8   0x000002fc   Code   RO         6496    .text               c_w.l(_printf_fp_hex.o)
    0x080014f4   0x080014f4   0x00000080   Code   RO         6499    .text               c_w.l(_printf_fp_infnan.o)
    0x08001574   0x08001574   0x0000002c   Code   RO         6503    .text               c_w.l(_printf_char.o)
    0x080015a0   0x080015a0   0x0000002c   Code   RO         6505    .text               c_w.l(_printf_wchar.o)
    0x080015cc   0x080015cc   0x0000009e   Code   RO         6507    .text               c_w.l(_strtoul.o)
    0x0800166a   0x0800166a   0x00000002   PAD
    0x0800166c   0x0800166c   0x000000e4   Code   RO         6509    .text               c_w.l(bigflt0.o)
    0x08001750   0x08001750   0x00000040   Code   RO         6542    .text               c_w.l(_wcrtomb.o)
    0x08001790   0x08001790   0x00000020   Code   RO         6547    .text               c_w.l(strcspn.o)
    0x080017b0   0x080017b0   0x0000001c   Code   RO         6549    .text               c_w.l(strspn.o)
    0x080017cc   0x080017cc   0x0000004a   Code   RO         6566    .text               c_w.l(sys_stackheap_outer.o)
    0x08001816   0x08001816   0x0000001c   Code   RO         6624    .text               c_w.l(_chval.o)
    0x08001832   0x08001832   0x00000012   Code   RO         6640    .text               c_w.l(exit.o)
    0x08001844   0x08001844   0x00000002   Code   RO         6719    .text               c_w.l(use_no_semi.o)
    0x08001846   0x08001846   0x00000000   Code   RO         6721    .text               c_w.l(indicate_semi.o)
    0x08001846   0x08001846   0x00000002   PAD
    0x08001848   0x08001848   0x0000000c   Code   RO         6769    .text               c_w.l(sys_exit.o)
    0x08001854   0x08001854   0x0000003e   Code   RO         6512    CL$$btod_d2e        c_w.l(btod.o)
    0x08001892   0x08001892   0x00000046   Code   RO         6514    CL$$btod_d2e_denorm_low  c_w.l(btod.o)
    0x080018d8   0x080018d8   0x00000060   Code   RO         6513    CL$$btod_d2e_norm_op1  c_w.l(btod.o)
    0x08001938   0x08001938   0x00000338   Code   RO         6522    CL$$btod_div_common  c_w.l(btod.o)
    0x08001c70   0x08001c70   0x000000dc   Code   RO         6519    CL$$btod_e2e        c_w.l(btod.o)
    0x08001d4c   0x08001d4c   0x0000002a   Code   RO         6516    CL$$btod_ediv       c_w.l(btod.o)
    0x08001d76   0x08001d76   0x0000002a   Code   RO         6515    CL$$btod_emul       c_w.l(btod.o)
    0x08001da0   0x08001da0   0x00000244   Code   RO         6521    CL$$btod_mult_common  c_w.l(btod.o)
    0x08001fe4   0x08001fe4   0x00000028   Code   RO         5697    i.BSP_I2C1_ReadReg  iic_bus.o
    0x0800200c   0x0800200c   0x00000028   Code   RO         5698    i.BSP_I2C1_WriteReg  iic_bus.o
    0x08002034   0x08002034   0x00000028   Code   RO         5699    i.BSP_I2C3_ReadReg  iic_bus.o
    0x0800205c   0x0800205c   0x00000028   Code   RO         5700    i.BSP_I2C3_WriteReg  iic_bus.o
    0x08002084   0x08002084   0x00000002   Code   RO          379    i.BusFault_Handler  stm32g4xx_it.o
    0x08002086   0x08002086   0x00000004   Code   RO          843    i.CDC_Control_FS    usbd_cdc_if.o
    0x0800208a   0x0800208a   0x00000004   Code   RO          844    i.CDC_DeInit_FS     usbd_cdc_if.o
    0x0800208e   0x0800208e   0x00000002   PAD
    0x08002090   0x08002090   0x00000024   Code   RO          845    i.CDC_Init_FS       usbd_cdc_if.o
    0x080020b4   0x080020b4   0x00000030   Code   RO          846    i.CDC_Receive_FS    usbd_cdc_if.o
    0x080020e4   0x080020e4   0x00000004   Code   RO          847    i.CDC_TransmitCplt_FS  usbd_cdc_if.o
    0x080020e8   0x080020e8   0x0000002c   Code   RO          848    i.CDC_Transmit_FS   usbd_cdc_if.o
    0x08002114   0x08002114   0x00000002   Code   RO          380    i.DebugMon_Handler  stm32g4xx_it.o
    0x08002116   0x08002116   0x00000004   Code   RO           13    i.Error_Handler     main.o
    0x0800211a   0x0800211a   0x0000002c   Code   RO         5740    i.FLASH_ErasePage   in_flash.o
    0x08002146   0x08002146   0x00000002   PAD
    0x08002148   0x08002148   0x0000005c   Code   RO         1949    i.FLASH_FlushCaches  stm32g4xx_hal_flash_ex.o
    0x080021a4   0x080021a4   0x0000001c   Code   RO         1950    i.FLASH_MassErase   stm32g4xx_hal_flash_ex.o
    0x080021c0   0x080021c0   0x00000028   Code   RO         1952    i.FLASH_PageErase   stm32g4xx_hal_flash_ex.o
    0x080021e8   0x080021e8   0x0000001c   Code   RO         1840    i.FLASH_Program_DoubleWord  stm32g4xx_hal_flash.o
    0x08002204   0x08002204   0x0000002c   Code   RO         1841    i.FLASH_Program_Fast  stm32g4xx_hal_flash.o
    0x08002230   0x08002230   0x00000060   Code   RO         1842    i.FLASH_WaitForLastOperation  stm32g4xx_hal_flash.o
    0x08002290   0x08002290   0x0000006a   Code   RO         2202    i.HAL_DMA_Abort     stm32g4xx_hal_dma.o
    0x080022fa   0x080022fa   0x00000078   Code   RO         2203    i.HAL_DMA_Abort_IT  stm32g4xx_hal_dma.o
    0x08002372   0x08002372   0x00000002   PAD
    0x08002374   0x08002374   0x00000024   Code   RO         1355    i.HAL_Delay         stm32g4xx_hal.o
    0x08002398   0x08002398   0x000000d4   Code   RO         1956    i.HAL_FLASHEx_Erase  stm32g4xx_hal_flash_ex.o
    0x0800246c   0x0800246c   0x0000001c   Code   RO         1846    i.HAL_FLASH_Lock    stm32g4xx_hal_flash.o
    0x08002488   0x08002488   0x000000a4   Code   RO         1851    i.HAL_FLASH_Program  stm32g4xx_hal_flash.o
    0x0800252c   0x0800252c   0x00000028   Code   RO         1853    i.HAL_FLASH_Unlock  stm32g4xx_hal_flash.o
    0x08002554   0x08002554   0x00000248   Code   RO         2064    i.HAL_GPIO_Init     stm32g4xx_hal_gpio.o
    0x0800279c   0x0800279c   0x00000010   Code   RO         2067    i.HAL_GPIO_TogglePin  stm32g4xx_hal_gpio.o
    0x080027ac   0x080027ac   0x0000000a   Code   RO         2068    i.HAL_GPIO_WritePin  stm32g4xx_hal_gpio.o
    0x080027b6   0x080027b6   0x00000002   PAD
    0x080027b8   0x080027b8   0x0000000c   Code   RO         1359    i.HAL_GetTick       stm32g4xx_hal.o
    0x080027c4   0x080027c4   0x00000056   Code   RO         3313    i.HAL_I2CEx_ConfigAnalogFilter  stm32g4xx_hal_i2c_ex.o
    0x0800281a   0x0800281a   0x00000052   Code   RO         3314    i.HAL_I2CEx_ConfigDigitalFilter  stm32g4xx_hal_i2c_ex.o
    0x0800286c   0x0800286c   0x000000bc   Code   RO         2852    i.HAL_I2C_Init      stm32g4xx_hal_i2c.o
    0x08002928   0x08002928   0x00000164   Code   RO         2870    i.HAL_I2C_Mem_Read  stm32g4xx_hal_i2c.o
    0x08002a8c   0x08002a8c   0x00000158   Code   RO         2873    i.HAL_I2C_Mem_Write  stm32g4xx_hal_i2c.o
    0x08002be4   0x08002be4   0x00000128   Code   RO          248    i.HAL_I2C_MspInit   i2c.o
    0x08002d0c   0x08002d0c   0x00000010   Code   RO         1365    i.HAL_IncTick       stm32g4xx_hal.o
    0x08002d1c   0x08002d1c   0x0000001e   Code   RO         1366    i.HAL_Init          stm32g4xx_hal.o
    0x08002d3a   0x08002d3a   0x00000002   PAD
    0x08002d3c   0x08002d3c   0x00000044   Code   RO         1367    i.HAL_InitTick      stm32g4xx_hal.o
    0x08002d80   0x08002d80   0x00000030   Code   RO          473    i.HAL_MspInit       stm32g4xx_hal_msp.o
    0x08002db0   0x08002db0   0x0000001a   Code   RO         2711    i.HAL_NVIC_EnableIRQ  stm32g4xx_hal_cortex.o
    0x08002dca   0x08002dca   0x00000002   PAD
    0x08002dcc   0x08002dcc   0x00000040   Code   RO         2717    i.HAL_NVIC_SetPriority  stm32g4xx_hal_cortex.o
    0x08002e0c   0x08002e0c   0x00000024   Code   RO         2718    i.HAL_NVIC_SetPriorityGrouping  stm32g4xx_hal_cortex.o
    0x08002e30   0x08002e30   0x00000024   Code   RO         1133    i.HAL_PCDEx_ActivateLPM  stm32g4xx_hal_pcd_ex.o
    0x08002e54   0x08002e54   0x00000044   Code   RO          497    i.HAL_PCDEx_LPM_Callback  usbd_conf.o
    0x08002e98   0x08002e98   0x0000003c   Code   RO         1139    i.HAL_PCDEx_PMAConfig  stm32g4xx_hal_pcd_ex.o
    0x08002ed4   0x08002ed4   0x00000012   Code   RO          499    i.HAL_PCD_DataInStageCallback  usbd_conf.o
    0x08002ee6   0x08002ee6   0x00000014   Code   RO          500    i.HAL_PCD_DataOutStageCallback  usbd_conf.o
    0x08002efa   0x08002efa   0x0000004a   Code   RO          911    i.HAL_PCD_EP_Close  stm32g4xx_hal_pcd.o
    0x08002f44   0x08002f44   0x0000005a   Code   RO          912    i.HAL_PCD_EP_ClrStall  stm32g4xx_hal_pcd.o
    0x08002f9e   0x08002f9e   0x000000dc   Code   RO          913    i.HAL_PCD_EP_DB_Receive  stm32g4xx_hal_pcd.o
    0x0800307a   0x0800307a   0x00000340   Code   RO          914    i.HAL_PCD_EP_DB_Transmit  stm32g4xx_hal_pcd.o
    0x080033ba   0x080033ba   0x00000012   Code   RO          916    i.HAL_PCD_EP_GetRxCount  stm32g4xx_hal_pcd.o
    0x080033cc   0x080033cc   0x00000058   Code   RO          917    i.HAL_PCD_EP_Open   stm32g4xx_hal_pcd.o
    0x08003424   0x08003424   0x0000002e   Code   RO          918    i.HAL_PCD_EP_Receive  stm32g4xx_hal_pcd.o
    0x08003452   0x08003452   0x0000005e   Code   RO          919    i.HAL_PCD_EP_SetStall  stm32g4xx_hal_pcd.o
    0x080034b0   0x080034b0   0x0000002e   Code   RO          920    i.HAL_PCD_EP_Transmit  stm32g4xx_hal_pcd.o
    0x080034de   0x080034de   0x0000014a   Code   RO          922    i.HAL_PCD_IRQHandler  stm32g4xx_hal_pcd.o
    0x08003628   0x08003628   0x0000009c   Code   RO          925    i.HAL_PCD_Init      stm32g4xx_hal_pcd.o
    0x080036c4   0x080036c4   0x00000058   Code   RO          505    i.HAL_PCD_MspInit   usbd_conf.o
    0x0800371c   0x0800371c   0x00000026   Code   RO          506    i.HAL_PCD_ResetCallback  usbd_conf.o
    0x08003742   0x08003742   0x00000002   PAD
    0x08003744   0x08003744   0x00000028   Code   RO          507    i.HAL_PCD_ResumeCallback  usbd_conf.o
    0x0800376c   0x0800376c   0x00000008   Code   RO          508    i.HAL_PCD_SOFCallback  usbd_conf.o
    0x08003774   0x08003774   0x00000026   Code   RO          931    i.HAL_PCD_SetAddress  stm32g4xx_hal_pcd.o
    0x0800379a   0x0800379a   0x0000000e   Code   RO          509    i.HAL_PCD_SetupStageCallback  usbd_conf.o
    0x080037a8   0x080037a8   0x0000002a   Code   RO          933    i.HAL_PCD_Start     stm32g4xx_hal_pcd.o
    0x080037d2   0x080037d2   0x00000002   PAD
    0x080037d4   0x080037d4   0x00000024   Code   RO          510    i.HAL_PCD_SuspendCallback  usbd_conf.o
    0x080037f8   0x080037f8   0x000000bc   Code   RO         2467    i.HAL_PWREx_ControlVoltageScaling  stm32g4xx_hal_pwr_ex.o
    0x080038b4   0x080038b4   0x00000010   Code   RO         2479    i.HAL_PWREx_DisableUCPDDeadBattery  stm32g4xx_hal_pwr_ex.o
    0x080038c4   0x080038c4   0x00000288   Code   RO         1726    i.HAL_RCCEx_PeriphCLKConfig  stm32g4xx_hal_rcc_ex.o
    0x08003b4c   0x08003b4c   0x000001dc   Code   RO         1601    i.HAL_RCC_ClockConfig  stm32g4xx_hal_rcc.o
    0x08003d28   0x08003d28   0x00000024   Code   RO         1609    i.HAL_RCC_GetPCLK1Freq  stm32g4xx_hal_rcc.o
    0x08003d4c   0x08003d4c   0x00000024   Code   RO         1610    i.HAL_RCC_GetPCLK2Freq  stm32g4xx_hal_rcc.o
    0x08003d70   0x08003d70   0x00000070   Code   RO         1611    i.HAL_RCC_GetSysClockFreq  stm32g4xx_hal_rcc.o
    0x08003de0   0x08003de0   0x00000404   Code   RO         1614    i.HAL_RCC_OscConfig  stm32g4xx_hal_rcc.o
    0x080041e4   0x080041e4   0x00000028   Code   RO         2722    i.HAL_SYSTICK_Config  stm32g4xx_hal_cortex.o
    0x0800420c   0x0800420c   0x00000002   Code   RO         4083    i.HAL_TIMEx_Break2Callback  stm32g4xx_hal_tim_ex.o
    0x0800420e   0x0800420e   0x00000002   Code   RO         4084    i.HAL_TIMEx_BreakCallback  stm32g4xx_hal_tim_ex.o
    0x08004210   0x08004210   0x00000002   Code   RO         4085    i.HAL_TIMEx_CommutCallback  stm32g4xx_hal_tim_ex.o
    0x08004212   0x08004212   0x00000002   Code   RO         4096    i.HAL_TIMEx_DirectionChangeCallback  stm32g4xx_hal_tim_ex.o
    0x08004214   0x08004214   0x00000002   Code   RO         4110    i.HAL_TIMEx_EncoderIndexCallback  stm32g4xx_hal_tim_ex.o
    0x08004216   0x08004216   0x00000002   Code   RO         4124    i.HAL_TIMEx_IndexErrorCallback  stm32g4xx_hal_tim_ex.o
    0x08004218   0x08004218   0x0000009c   Code   RO         4125    i.HAL_TIMEx_MasterConfigSynchronization  stm32g4xx_hal_tim_ex.o
    0x080042b4   0x080042b4   0x00000002   Code   RO         4146    i.HAL_TIMEx_TransitionErrorCallback  stm32g4xx_hal_tim_ex.o
    0x080042b6   0x080042b6   0x00000062   Code   RO         3369    i.HAL_TIM_Base_Init  stm32g4xx_hal_tim.o
    0x08004318   0x08004318   0x00000038   Code   RO          296    i.HAL_TIM_Base_MspInit  tim.o
    0x08004350   0x08004350   0x00000078   Code   RO         3374    i.HAL_TIM_Base_Start_IT  stm32g4xx_hal_tim.o
    0x080043c8   0x080043c8   0x00000100   Code   RO         3378    i.HAL_TIM_ConfigClockSource  stm32g4xx_hal_tim.o
    0x080044c8   0x080044c8   0x00000002   Code   RO         3403    i.HAL_TIM_IC_CaptureCallback  stm32g4xx_hal_tim.o
    0x080044ca   0x080044ca   0x000001a2   Code   RO         3417    i.HAL_TIM_IRQHandler  stm32g4xx_hal_tim.o
    0x0800466c   0x0800466c   0x00000002   Code   RO         3420    i.HAL_TIM_OC_DelayElapsedCallback  stm32g4xx_hal_tim.o
    0x0800466e   0x0800466e   0x00000002   Code   RO         3447    i.HAL_TIM_PWM_PulseFinishedCallback  stm32g4xx_hal_tim.o
    0x08004670   0x08004670   0x000000ac   Code   RO         6043    i.HAL_TIM_PeriodElapsedCallback  imu_9.o
    0x0800471c   0x0800471c   0x00000002   Code   RO         3460    i.HAL_TIM_TriggerCallback  stm32g4xx_hal_tim.o
    0x0800471e   0x0800471e   0x0000003e   Code   RO         4932    i.HAL_UARTEx_DisableFifoMode  stm32g4xx_hal_uart_ex.o
    0x0800475c   0x0800475c   0x00000002   Code   RO         4521    i.HAL_UARTEx_RxEventCallback  stm32g4xx_hal_uart.o
    0x0800475e   0x0800475e   0x00000002   Code   RO         4940    i.HAL_UARTEx_RxFifoFullCallback  stm32g4xx_hal_uart_ex.o
    0x08004760   0x08004760   0x0000004c   Code   RO         4941    i.HAL_UARTEx_SetRxFifoThreshold  stm32g4xx_hal_uart_ex.o
    0x080047ac   0x080047ac   0x0000004c   Code   RO         4942    i.HAL_UARTEx_SetTxFifoThreshold  stm32g4xx_hal_uart_ex.o
    0x080047f8   0x080047f8   0x00000002   Code   RO         4944    i.HAL_UARTEx_TxFifoEmptyCallback  stm32g4xx_hal_uart_ex.o
    0x080047fa   0x080047fa   0x00000002   Code   RO         4945    i.HAL_UARTEx_WakeupCallback  stm32g4xx_hal_uart_ex.o
    0x080047fc   0x080047fc   0x00000002   Code   RO         4537    i.HAL_UART_ErrorCallback  stm32g4xx_hal_uart.o
    0x080047fe   0x080047fe   0x00000002   PAD
    0x08004800   0x08004800   0x0000030c   Code   RO         4540    i.HAL_UART_IRQHandler  stm32g4xx_hal_uart.o
    0x08004b0c   0x08004b0c   0x0000006a   Code   RO         4541    i.HAL_UART_Init     stm32g4xx_hal_uart.o
    0x08004b76   0x08004b76   0x00000002   PAD
    0x08004b78   0x08004b78   0x0000008c   Code   RO          338    i.HAL_UART_MspInit  usart.o
    0x08004c04   0x08004c04   0x00000002   Code   RO         4553    i.HAL_UART_TxCpltCallback  stm32g4xx_hal_uart.o
    0x08004c06   0x08004c06   0x00000002   Code   RO          381    i.HardFault_Handler  stm32g4xx_it.o
    0x08004c08   0x08004c08   0x00000022   Code   RO         2899    i.I2C_Flush_TXDR    stm32g4xx_hal_i2c.o
    0x08004c2a   0x08004c2a   0x00000002   PAD
    0x08004c2c   0x08004c2c   0x0000010c   Code   RO         2907    i.I2C_IsErrorOccurred  stm32g4xx_hal_i2c.o
    0x08004d38   0x08004d38   0x00000064   Code   RO         2912    i.I2C_RequestMemoryRead  stm32g4xx_hal_i2c.o
    0x08004d9c   0x08004d9c   0x00000064   Code   RO         2913    i.I2C_RequestMemoryWrite  stm32g4xx_hal_i2c.o
    0x08004e00   0x08004e00   0x00000030   Code   RO         2916    i.I2C_TransferConfig  stm32g4xx_hal_i2c.o
    0x08004e30   0x08004e30   0x0000007a   Code   RO         2918    i.I2C_WaitOnFlagUntilTimeout  stm32g4xx_hal_i2c.o
    0x08004eaa   0x08004eaa   0x00000056   Code   RO         2920    i.I2C_WaitOnSTOPFlagUntilTimeout  stm32g4xx_hal_i2c.o
    0x08004f00   0x08004f00   0x0000005a   Code   RO         2921    i.I2C_WaitOnTXISFlagUntilTimeout  stm32g4xx_hal_i2c.o
    0x08004f5a   0x08004f5a   0x00000002   PAD
    0x08004f5c   0x08004f5c   0x00000038   Code   RO          757    i.IntToUnicode      usbd_desc.o
    0x08004f94   0x08004f94   0x0000009c   Code   RO          223    i.MX_GPIO_Init      gpio.o
    0x08005030   0x08005030   0x00000060   Code   RO          249    i.MX_I2C1_Init      i2c.o
    0x08005090   0x08005090   0x00000064   Code   RO          250    i.MX_I2C3_Init      i2c.o
    0x080050f4   0x080050f4   0x00000068   Code   RO          297    i.MX_TIM2_Init      tim.o
    0x0800515c   0x0800515c   0x00000068   Code   RO          339    i.MX_USART1_UART_Init  usart.o
    0x080051c4   0x080051c4   0x00000054   Code   RO          722    i.MX_USB_Device_Init  usb_device.o
    0x08005218   0x08005218   0x00000002   Code   RO          382    i.MemManage_Handler  stm32g4xx_it.o
    0x0800521a   0x0800521a   0x00000002   Code   RO          383    i.NMI_Handler       stm32g4xx_it.o
    0x0800521c   0x0800521c   0x00000396   Code   RO          936    i.PCD_EP_ISR_Handler  stm32g4xx_hal_pcd.o
    0x080055b2   0x080055b2   0x00000002   Code   RO          384    i.PendSV_Handler    stm32g4xx_it.o
    0x080055b4   0x080055b4   0x0000004c   Code   RO         5741    i.STMFLASH_Read     in_flash.o
    0x08005600   0x08005600   0x00000078   Code   RO         5742    i.STMFLASH_Write    in_flash.o
    0x08005678   0x08005678   0x00000034   Code   RO         5743    i.STMFLASH_Write_NoCheck  in_flash.o
    0x080056ac   0x080056ac   0x00000002   Code   RO          385    i.SVC_Handler       stm32g4xx_it.o
    0x080056ae   0x080056ae   0x0000000a   Code   RO         5226    i.SWAPBYTE          usbd_ctlreq.o
    0x080056b8   0x080056b8   0x00000004   Code   RO          386    i.SysTick_Handler   stm32g4xx_it.o
    0x080056bc   0x080056bc   0x0000006c   Code   RO           14    i.SystemClock_Config  main.o
    0x08005728   0x08005728   0x00000010   Code   RO         5051    i.SystemInit        system_stm32g4xx.o
    0x08005738   0x08005738   0x0000000c   Code   RO          387    i.TIM2_IRQHandler   stm32g4xx_it.o
    0x08005744   0x08005744   0x000000bc   Code   RO         3462    i.TIM_Base_SetConfig  stm32g4xx_hal_tim.o
    0x08005800   0x08005800   0x00000014   Code   RO         3473    i.TIM_ETR_SetConfig  stm32g4xx_hal_tim.o
    0x08005814   0x08005814   0x00000014   Code   RO         3474    i.TIM_ITRx_SetConfig  stm32g4xx_hal_tim.o
    0x08005828   0x08005828   0x00000022   Code   RO         3482    i.TIM_TI1_ConfigInputStage  stm32g4xx_hal_tim.o
    0x0800584a   0x0800584a   0x00000024   Code   RO         3484    i.TIM_TI2_ConfigInputStage  stm32g4xx_hal_tim.o
    0x0800586e   0x0800586e   0x00000002   PAD
    0x08005870   0x08005870   0x00000044   Code   RO         4946    i.UARTEx_SetNbDataToProcess  stm32g4xx_hal_uart_ex.o
    0x080058b4   0x080058b4   0x000000c8   Code   RO         4555    i.UART_AdvFeatureConfig  stm32g4xx_hal_uart.o
    0x0800597c   0x0800597c   0x000000ac   Code   RO         4556    i.UART_CheckIdleState  stm32g4xx_hal_uart.o
    0x08005a28   0x08005a28   0x00000014   Code   RO         4557    i.UART_DMAAbortOnError  stm32g4xx_hal_uart.o
    0x08005a3c   0x08005a3c   0x00000054   Code   RO         4567    i.UART_EndRxTransfer  stm32g4xx_hal_uart.o
    0x08005a90   0x08005a90   0x00000274   Code   RO         4573    i.UART_SetConfig    stm32g4xx_hal_uart.o
    0x08005d04   0x08005d04   0x00000094   Code   RO         4580    i.UART_WaitOnFlagUntilTimeout  stm32g4xx_hal_uart.o
    0x08005d98   0x08005d98   0x0000000c   Code   RO          388    i.USART1_IRQHandler  stm32g4xx_it.o
    0x08005da4   0x08005da4   0x00000020   Code   RO          758    i.USBD_CDC_ConfigStrDescriptor  usbd_desc.o
    0x08005dc4   0x08005dc4   0x0000005e   Code   RO         5359    i.USBD_CDC_DataIn   usbd_cdc.o
    0x08005e22   0x08005e22   0x0000002a   Code   RO         5360    i.USBD_CDC_DataOut  usbd_cdc.o
    0x08005e4c   0x08005e4c   0x00000048   Code   RO         5361    i.USBD_CDC_DeInit   usbd_cdc.o
    0x08005e94   0x08005e94   0x0000000c   Code   RO          759    i.USBD_CDC_DeviceDescriptor  usbd_desc.o
    0x08005ea0   0x08005ea0   0x0000002e   Code   RO         5362    i.USBD_CDC_EP0_RxReady  usbd_cdc.o
    0x08005ece   0x08005ece   0x00000002   PAD
    0x08005ed0   0x08005ed0   0x0000000c   Code   RO         5363    i.USBD_CDC_GetDeviceQualifierDescriptor  usbd_cdc.o
    0x08005edc   0x08005edc   0x0000000c   Code   RO         5364    i.USBD_CDC_GetFSCfgDesc  usbd_cdc.o
    0x08005ee8   0x08005ee8   0x0000000c   Code   RO         5365    i.USBD_CDC_GetHSCfgDesc  usbd_cdc.o
    0x08005ef4   0x08005ef4   0x0000000c   Code   RO         5366    i.USBD_CDC_GetOtherSpeedCfgDesc  usbd_cdc.o
    0x08005f00   0x08005f00   0x000000a2   Code   RO         5367    i.USBD_CDC_Init     usbd_cdc.o
    0x08005fa2   0x08005fa2   0x00000002   PAD
    0x08005fa4   0x08005fa4   0x00000024   Code   RO          760    i.USBD_CDC_InterfaceStrDescriptor  usbd_desc.o
    0x08005fc8   0x08005fc8   0x0000000c   Code   RO          761    i.USBD_CDC_LangIDStrDescriptor  usbd_desc.o
    0x08005fd4   0x08005fd4   0x00000028   Code   RO          762    i.USBD_CDC_ManufacturerStrDescriptor  usbd_desc.o
    0x08005ffc   0x08005ffc   0x0000002c   Code   RO          763    i.USBD_CDC_ProductStrDescriptor  usbd_desc.o
    0x08006028   0x08006028   0x00000028   Code   RO         5368    i.USBD_CDC_ReceivePacket  usbd_cdc.o
    0x08006050   0x08006050   0x0000000e   Code   RO         5369    i.USBD_CDC_RegisterInterface  usbd_cdc.o
    0x0800605e   0x0800605e   0x00000002   PAD
    0x08006060   0x08006060   0x00000038   Code   RO          764    i.USBD_CDC_SerialStrDescriptor  usbd_desc.o
    0x08006098   0x08006098   0x00000012   Code   RO         5370    i.USBD_CDC_SetRxBuffer  usbd_cdc.o
    0x080060aa   0x080060aa   0x00000016   Code   RO         5371    i.USBD_CDC_SetTxBuffer  usbd_cdc.o
    0x080060c0   0x080060c0   0x000000be   Code   RO         5372    i.USBD_CDC_Setup    usbd_cdc.o
    0x0800617e   0x0800617e   0x00000036   Code   RO         5373    i.USBD_CDC_TransmitPacket  usbd_cdc.o
    0x080061b4   0x080061b4   0x00000010   Code   RO         5088    i.USBD_ClrClassConfig  usbd_core.o
    0x080061c4   0x080061c4   0x00000010   Code   RO         5299    i.USBD_CtlContinueRx  usbd_ioreq.o
    0x080061d4   0x080061d4   0x00000010   Code   RO         5300    i.USBD_CtlContinueSendData  usbd_ioreq.o
    0x080061e4   0x080061e4   0x00000016   Code   RO         5227    i.USBD_CtlError     usbd_ctlreq.o
    0x080061fa   0x080061fa   0x0000001e   Code   RO         5301    i.USBD_CtlPrepareRx  usbd_ioreq.o
    0x08006218   0x08006218   0x00000016   Code   RO         5302    i.USBD_CtlReceiveStatus  usbd_ioreq.o
    0x0800622e   0x0800622e   0x0000001a   Code   RO         5303    i.USBD_CtlSendData  usbd_ioreq.o
    0x08006248   0x08006248   0x00000016   Code   RO         5304    i.USBD_CtlSendStatus  usbd_ioreq.o
    0x0800625e   0x0800625e   0x000000fa   Code   RO         5228    i.USBD_GetDescriptor  usbd_ctlreq.o
    0x08006358   0x08006358   0x00000048   Code   RO         5229    i.USBD_GetString    usbd_ctlreq.o
    0x080063a0   0x080063a0   0x00000018   Code   RO          511    i.USBD_Get_USB_Status  usbd_conf.o
    0x080063b8   0x080063b8   0x00000026   Code   RO         5090    i.USBD_Init         usbd_core.o
    0x080063de   0x080063de   0x00000012   Code   RO          512    i.USBD_LL_ClearStallEP  usbd_conf.o
    0x080063f0   0x080063f0   0x00000012   Code   RO          513    i.USBD_LL_CloseEP   usbd_conf.o
    0x08006402   0x08006402   0x000000a8   Code   RO         5091    i.USBD_LL_DataInStage  usbd_core.o
    0x080064aa   0x080064aa   0x0000006c   Code   RO         5092    i.USBD_LL_DataOutStage  usbd_core.o
    0x08006516   0x08006516   0x00000008   Code   RO          517    i.USBD_LL_GetRxDataSize  usbd_conf.o
    0x0800651e   0x0800651e   0x00000002   PAD
    0x08006520   0x08006520   0x00000084   Code   RO          518    i.USBD_LL_Init      usbd_conf.o
    0x080065a4   0x080065a4   0x0000001e   Code   RO          519    i.USBD_LL_IsStallEP  usbd_conf.o
    0x080065c2   0x080065c2   0x00000018   Code   RO          520    i.USBD_LL_OpenEP    usbd_conf.o
    0x080065da   0x080065da   0x00000012   Code   RO          521    i.USBD_LL_PrepareReceive  usbd_conf.o
    0x080065ec   0x080065ec   0x0000005a   Code   RO         5097    i.USBD_LL_Reset     usbd_core.o
    0x08006646   0x08006646   0x00000014   Code   RO         5098    i.USBD_LL_Resume    usbd_core.o
    0x0800665a   0x0800665a   0x00000020   Code   RO         5099    i.USBD_LL_SOF       usbd_core.o
    0x0800667a   0x0800667a   0x00000006   Code   RO         5100    i.USBD_LL_SetSpeed  usbd_core.o
    0x08006680   0x08006680   0x00000012   Code   RO          522    i.USBD_LL_SetUSBAddress  usbd_conf.o
    0x08006692   0x08006692   0x00000060   Code   RO         5101    i.USBD_LL_SetupStage  usbd_core.o
    0x080066f2   0x080066f2   0x00000012   Code   RO          523    i.USBD_LL_StallEP   usbd_conf.o
    0x08006704   0x08006704   0x00000012   Code   RO          524    i.USBD_LL_Start     usbd_conf.o
    0x08006716   0x08006716   0x00000012   Code   RO         5102    i.USBD_LL_Suspend   usbd_core.o
    0x08006728   0x08006728   0x00000012   Code   RO          526    i.USBD_LL_Transmit  usbd_conf.o
    0x0800673a   0x0800673a   0x0000002c   Code   RO         5230    i.USBD_ParseSetupRequest  usbd_ctlreq.o
    0x08006766   0x08006766   0x00000024   Code   RO         5103    i.USBD_RegisterClass  usbd_core.o
    0x0800678a   0x0800678a   0x00000014   Code   RO         5105    i.USBD_SetClassConfig  usbd_core.o
    0x0800679e   0x0800679e   0x00000002   PAD
    0x080067a0   0x080067a0   0x000000bc   Code   RO         5231    i.USBD_SetConfig    usbd_ctlreq.o
    0x0800685c   0x0800685c   0x00000004   Code   RO         5106    i.USBD_Start        usbd_core.o
    0x08006860   0x08006860   0x00000114   Code   RO         5232    i.USBD_StdDevReq    usbd_ctlreq.o
    0x08006974   0x08006974   0x00000140   Code   RO         5233    i.USBD_StdEPReq     usbd_ctlreq.o
    0x08006ab4   0x08006ab4   0x00000052   Code   RO         5234    i.USBD_StdItfReq    usbd_ctlreq.o
    0x08006b06   0x08006b06   0x00000002   Code   RO          527    i.USBD_static_free  usbd_conf.o
    0x08006b08   0x08006b08   0x00000008   Code   RO          528    i.USBD_static_malloc  usbd_conf.o
    0x08006b10   0x08006b10   0x0000029c   Code   RO         1198    i.USB_ActivateEndpoint  stm32g4xx_ll_usb.o
    0x08006dac   0x08006dac   0x0000010e   Code   RO         1202    i.USB_DeactivateEndpoint  stm32g4xx_ll_usb.o
    0x08006eba   0x08006eba   0x0000000e   Code   RO         1203    i.USB_DevConnect    stm32g4xx_ll_usb.o
    0x08006ec8   0x08006ec8   0x00000012   Code   RO         1205    i.USB_DevInit       stm32g4xx_ll_usb.o
    0x08006eda   0x08006eda   0x00000010   Code   RO         1206    i.USB_DisableGlobalInt  stm32g4xx_ll_usb.o
    0x08006eea   0x08006eea   0x00000078   Code   RO         1207    i.USB_EPClearStall  stm32g4xx_ll_usb.o
    0x08006f62   0x08006f62   0x00000032   Code   RO         1208    i.USB_EPSetStall    stm32g4xx_ll_usb.o
    0x08006f94   0x08006f94   0x000004e2   Code   RO         1209    i.USB_EPStartXfer   stm32g4xx_ll_usb.o
    0x08007476   0x08007476   0x00000012   Code   RO         1211    i.USB_EnableGlobalInt  stm32g4xx_ll_usb.o
    0x08007488   0x08007488   0x0000000c   Code   RO          389    i.USB_LP_IRQHandler  stm32g4xx_it.o
    0x08007494   0x08007494   0x00000006   Code   RO         1214    i.USB_ReadInterrupts  stm32g4xx_ll_usb.o
    0x0800749a   0x0800749a   0x00000028   Code   RO         1215    i.USB_ReadPMA       stm32g4xx_ll_usb.o
    0x080074c2   0x080074c2   0x0000000c   Code   RO         1217    i.USB_SetDevAddress  stm32g4xx_ll_usb.o
    0x080074ce   0x080074ce   0x00000002   PAD
    0x080074d0   0x080074d0   0x00000026   Code   RO         1219    i.USB_WritePMA      stm32g4xx_ll_usb.o
    0x080074f6   0x080074f6   0x00000002   Code   RO          390    i.UsageFault_Handler  stm32g4xx_it.o
    0x080074f8   0x080074f8   0x00000030   Code   RO         6555    i.__ARM_fpclassify  m_wm.l(fpclassify.o)
    0x08007528   0x08007528   0x00000020   Code   RO         2724    i.__NVIC_SetPriority  stm32g4xx_hal_cortex.o
    0x08007548   0x08007548   0x00000024   Code   RO         5834    i.__NVIC_SystemReset  user_shell.o
    0x0800756c   0x0800756c   0x00000004   PAD
    0x08007570   0x08007570   0x000002d8   Code   RO         6430    i.__hardfp_atan     m_wm.l(atan.o)
    0x08007848   0x08007848   0x00000200   Code   RO         6283    i.__hardfp_atan2    m_wm.l(atan2.o)
    0x08007a48   0x08007a48   0x000000f8   Code   RO         6557    i.__kernel_poly     m_wm.l(poly.o)
    0x08007b40   0x08007b40   0x00000014   Code   RO         6445    i.__mathlib_dbl_infnan  m_wm.l(dunder.o)
    0x08007b54   0x08007b54   0x00000014   Code   RO         6446    i.__mathlib_dbl_infnan2  m_wm.l(dunder.o)
    0x08007b68   0x08007b68   0x00000020   Code   RO         6450    i.__mathlib_dbl_underflow  m_wm.l(dunder.o)
    0x08007b88   0x08007b88   0x0000000e   Code   RO         6238    i._is_digit         c_w.l(__printf_wp.o)
    0x08007b96   0x08007b96   0x00000002   PAD
    0x08007b98   0x08007b98   0x0000004c   Code   RO         5465    i.acc_gyro_init     acc_gry.o
    0x08007be4   0x08007be4   0x00000074   Code   RO         5466    i.acc_gyro_sample_data  acc_gry.o
    0x08007c58   0x08007c58   0x00000022   Code   RO         5607    i.arcsin            my_math.o
    0x08007c7a   0x08007c7a   0x00000002   PAD
    0x08007c7c   0x08007c7c   0x000000f0   Code   RO         5608    i.arctan1           my_math.o
    0x08007d6c   0x08007d6c   0x000000ac   Code   RO         5609    i.arctan2           my_math.o
    0x08007e18   0x08007e18   0x00000010   Code   RO         6432    i.atan              m_wm.l(atan.o)
    0x08007e28   0x08007e28   0x0000062c   Code   RO         5564    i.calculate_attitude  attitude.o
    0x08008454   0x08008454   0x00000068   Code   RO         5835    i.cmd_cali          user_shell.o
    0x080084bc   0x080084bc   0x0000001c   Code   RO         5836    i.cmd_modify_freq   user_shell.o
    0x080084d8   0x080084d8   0x000001a0   Code   RO         5837    i.cmd_output        user_shell.o
    0x08008678   0x08008678   0x00000006   Code   RO         5838    i.cmd_reset         user_shell.o
    0x0800867e   0x0800867e   0x00000002   PAD
    0x08008680   0x08008680   0x00000028   Code   RO         5839    i.cmd_restore       user_shell.o
    0x080086a8   0x080086a8   0x00000044   Code   RO         5787    i.console_driver_init  shell_driver.o
    0x080086ec   0x080086ec   0x00000184   Code   RO         6044    i.data_output_mode  imu_9.o
    0x08008870   0x08008870   0x00000018   Code   RO         6460    i.fabs              m_wm.l(fabs.o)
    0x08008888   0x08008888   0x00000040   Code   RO         5610    i.fast_sqrt         my_math.o
    0x080088c8   0x080088c8   0x00000054   Code   RO         6045    i.imu_9_shell_cmd_to_do  imu_9.o
    0x0800891c   0x0800891c   0x00000108   Code   RO         6046    i.imu_data_transition  imu_9.o
    0x08008a24   0x08008a24   0x000000b8   Code   RO         6047    i.imu_final_data_get  imu_9.o
    0x08008adc   0x08008adc   0x00000038   Code   RO         6048    i.imu_init          imu_9.o
    0x08008b14   0x08008b14   0x0000001c   Code   RO         6049    i.imu_sample_data   imu_9.o
    0x08008b30   0x08008b30   0x000000e8   Code   RO         5565    i.init_attitude     attitude.o
    0x08008c18   0x08008c18   0x00000060   Code   RO         5508    i.mag_init          magnetic.o
    0x08008c78   0x08008c78   0x0000003c   Code   RO         5509    i.mag_sample_data   magnetic.o
    0x08008cb4   0x08008cb4   0x00000194   Code   RO         5511    i.mag_set_offset    magnetic.o
    0x08008e48   0x08008e48   0x0000002e   Code   RO           15    i.main              main.o
    0x08008e76   0x08008e76   0x00000002   PAD
    0x08008e78   0x08008e78   0x00000010   Code   RO         5611    i.my_cos            my_math.o
    0x08008e88   0x08008e88   0x00000078   Code   RO         5612    i.my_sin            my_math.o
    0x08008f00   0x08008f00   0x000000d4   Code   RO         5788    i.parseCommand      shell_driver.o
    0x08008fd4   0x08008fd4   0x00000118   Code   RO         6050    i.read_flash_information  imu_9.o
    0x080090ec   0x080090ec   0x000000a4   Code   RO         5467    i.set_acc_gyro_offset  acc_gry.o
    0x08009190   0x08009190   0x0000001a   Code   RO         5789    i.shell_console_hande  shell_driver.o
    0x080091aa   0x080091aa   0x00000002   PAD
    0x080091ac   0x080091ac   0x00000070   Code   RO         5790    i.shell_driver_main_loop  shell_driver.o
    0x0800921c   0x0800921c   0x000000d4   Code   RO         5566    i.simple_3d_trans   attitude.o
    0x080092f0   0x080092f0   0x00000034   Code   RO         5613    i.translateAngle    my_math.o
    0x08009324   0x08009324   0x0000002a   Code   RO         6128    i.usb_printf        debug.o
    0x0800934e   0x0800934e   0x00000002   PAD
    0x08009350   0x08009350   0x00000038   Code   RO         5842    i.user_shell_init   user_shell.o
    0x08009388   0x08009388   0x00000006   Code   RO         5843    i.user_shell_recive_bytes  user_shell.o
    0x0800938e   0x0800938e   0x00000002   PAD
    0x08009390   0x08009390   0x00000078   Code   RO         6130    i.vofa_FireWater_USB_output  debug.o
    0x08009408   0x08009408   0x0000003e   Code   RO         5922    i.window_filter     data_filter.o
    0x08009446   0x08009446   0x00000002   PAD
    0x08009448   0x08009448   0x0000002c   Code   RO         6545    locale$$code        c_w.l(lc_numeric_c.o)
    0x08009474   0x08009474   0x0000002c   Code   RO         6638    locale$$code        c_w.l(lc_ctype_c.o)
    0x080094a0   0x080094a0   0x00000018   Code   RO         6403    x$fpl$basic         fz_wm.l(basic.o)
    0x080094b8   0x080094b8   0x00000062   Code   RO         6269    x$fpl$d2f           fz_wm.l(d2f.o)
    0x0800951a   0x0800951a   0x00000002   PAD
    0x0800951c   0x0800951c   0x00000150   Code   RO         6271    x$fpl$dadd          fz_wm.l(daddsub_clz.o)
    0x0800966c   0x0800966c   0x00000018   Code   RO         6551    x$fpl$dcmpinf       fz_wm.l(dcmpi.o)
    0x08009684   0x08009684   0x000002b0   Code   RO         6406    x$fpl$ddiv          fz_wm.l(ddiv.o)
    0x08009934   0x08009934   0x00000078   Code   RO         6409    x$fpl$deqf          fz_wm.l(deqf.o)
    0x080099ac   0x080099ac   0x00000154   Code   RO         6277    x$fpl$dmul          fz_wm.l(dmul.o)
    0x08009b00   0x08009b00   0x0000009c   Code   RO         6413    x$fpl$dnaninf       fz_wm.l(dnaninf.o)
    0x08009b9c   0x08009b9c   0x0000000c   Code   RO         6415    x$fpl$dretinf       fz_wm.l(dretinf.o)
    0x08009ba8   0x08009ba8   0x00000016   Code   RO         6272    x$fpl$drsb          fz_wm.l(daddsub_clz.o)
    0x08009bbe   0x08009bbe   0x00000002   PAD
    0x08009bc0   0x08009bc0   0x000001d4   Code   RO         6273    x$fpl$dsub          fz_wm.l(daddsub_clz.o)
    0x08009d94   0x08009d94   0x00000056   Code   RO         6279    x$fpl$f2d           fz_wm.l(f2d.o)
    0x08009dea   0x08009dea   0x0000008c   Code   RO         6419    x$fpl$fnaninf       fz_wm.l(fnaninf.o)
    0x08009e76   0x08009e76   0x0000000a   Code   RO         6767    x$fpl$fpinit        fz_wm.l(fpinit.o)
    0x08009e80   0x08009e80   0x0000000a   Code   RO         6421    x$fpl$fretinf       fz_wm.l(fretinf.o)
    0x08009e8a   0x08009e8a   0x00000004   Code   RO         6281    x$fpl$printf1       fz_wm.l(printf1.o)
    0x08009e8e   0x08009e8e   0x00000004   Code   RO         6423    x$fpl$printf2       fz_wm.l(printf2.o)
    0x08009e92   0x08009e92   0x00000000   Code   RO         6429    x$fpl$usenofp       fz_wm.l(usenofp.o)
    0x08009e92   0x08009e92   0x00000018   Data   RO         4581    .constdata          stm32g4xx_hal_uart.o
    0x08009eaa   0x08009eaa   0x00000010   Data   RO         4947    .constdata          stm32g4xx_hal_uart_ex.o
    0x08009eba   0x08009eba   0x00000010   Data   RO         5052    .constdata          system_stm32g4xx.o
    0x08009eca   0x08009eca   0x00000008   Data   RO         5053    .constdata          system_stm32g4xx.o
    0x08009ed2   0x08009ed2   0x00000011   Data   RO         6246    .constdata          c_w.l(__printf_flags_ss_wp.o)
    0x08009ee3   0x08009ee3   0x00000001   PAD
    0x08009ee4   0x08009ee4   0x00000008   Data   RO         6340    .constdata          c_w.l(_printf_wctomb.o)
    0x08009eec   0x08009eec   0x00000028   Data   RO         6369    .constdata          c_w.l(_printf_hex_int_ll_ptr.o)
    0x08009f14   0x08009f14   0x00000004   PAD
    0x08009f18   0x08009f18   0x00000098   Data   RO         6433    .constdata          m_wm.l(atan.o)
    0x08009fb0   0x08009fb0   0x00000008   Data   RO         6464    .constdata          m_wm.l(qnan.o)
    0x08009fb8   0x08009fb8   0x00000026   Data   RO         6497    .constdata          c_w.l(_printf_fp_hex.o)
    0x08009fde   0x08009fde   0x00000002   PAD
    0x08009fe0   0x08009fe0   0x00000094   Data   RO         6510    .constdata          c_w.l(bigflt0.o)
    0x0800a074   0x0800a074   0x00000027   Data   RO         5844    .conststring        user_shell.o
    0x0800a09b   0x0800a09b   0x00000001   PAD
    0x0800a09c   0x0800a09c   0x00000020   Data   RO         6838    Region$$Table       anon$$obj.o
    0x0800a0bc   0x0800a0bc   0x0000001c   Data   RO         6544    locale$$data        c_w.l(lc_numeric_c.o)
    0x0800a0d8   0x0800a0d8   0x00000110   Data   RO         6637    locale$$data        c_w.l(lc_ctype_c.o)


    Execution Region RW_IRAM1 (Exec base: 0x20000000, Load base: 0x0800a1e8, Size: 0x00002cd0, Max: 0x00008000, ABSOLUTE, COMPRESSED[0x0000010c])

    Exec Addr    Load Addr    Size         Type   Attr      Idx    E Section Name        Object

    0x20000000   COMPRESSED   0x00000020   Data   RW          766    .data               usbd_desc.o
    0x20000020   COMPRESSED   0x00000032   Data   RW          767    .data               usbd_desc.o
    0x20000052   COMPRESSED   0x00000002   Data   RW          850    .data               usbd_cdc_if.o
    0x20000054   COMPRESSED   0x00000014   Data   RW          851    .data               usbd_cdc_if.o
    0x20000068   COMPRESSED   0x0000000c   Data   RW         1386    .data               stm32g4xx_hal.o
    0x20000074   COMPRESSED   0x00000020   Data   RW         1854    .data               stm32g4xx_hal_flash.o
    0x20000094   COMPRESSED   0x00000004   Data   RW         5054    .data               system_stm32g4xx.o
    0x20000098   COMPRESSED   0x00000001   Data   RW         5235    .data               usbd_ctlreq.o
    0x20000099   COMPRESSED   0x00000003   PAD
    0x2000009c   COMPRESSED   0x000000d7   Data   RW         5374    .data               usbd_cdc.o
    0x20000173   COMPRESSED   0x00000001   PAD
    0x20000174   COMPRESSED   0x00000038   Data   RW         5375    .data               usbd_cdc.o
    0x200001ac   COMPRESSED   0x00000028   Data   RW         5468    .data               acc_gry.o
    0x200001d4   COMPRESSED   0x00000028   Data   RW         5513    .data               magnetic.o
    0x200001fc   COMPRESSED   0x0000000c   Data   RW         5568    .data               attitude.o
    0x20000208   COMPRESSED   0x00000004   Data   RW         5792    .data               shell_driver.o
    0x2000020c   COMPRESSED   0x0000005c   Data   RW         5845    .data               user_shell.o
    0x20000268   COMPRESSED   0x00000002   Data   RW         6052    .data               imu_9.o
    0x2000026a   COMPRESSED   0x00000002   PAD
    0x2000026c   COMPRESSED   0x00000004   Data   RW         6253    .data               c_w.l(strtok.o)
    0x20000270        -       0x000000a8   Zero   RW          251    .bss                i2c.o
    0x20000318        -       0x0000004c   Zero   RW          298    .bss                tim.o
    0x20000364        -       0x00000094   Zero   RW          340    .bss                usart.o
    0x200003f8        -       0x000004fc   Zero   RW          529    .bss                usbd_conf.o
    0x200008f4        -       0x000002d0   Zero   RW          723    .bss                usb_device.o
    0x20000bc4        -       0x00000200   Zero   RW          765    .bss                usbd_desc.o
    0x20000dc4        -       0x00000800   Zero   RW          849    .bss                usbd_cdc_if.o
    0x200015c4        -       0x000000d0   Zero   RW         5567    .bss                attitude.o
    0x20001694   COMPRESSED   0x00000004   PAD
    0x20001698        -       0x00000800   Zero   RW         5744    .bss                in_flash.o
    0x20001e98        -       0x000000e8   Zero   RW         5791    .bss                shell_driver.o
    0x20001f80        -       0x000000ee   Zero   RW         6051    .bss                imu_9.o
    0x2000206e   COMPRESSED   0x00000002   PAD
    0x20002070        -       0x00000060   Zero   RW         6466    .bss                c_w.l(libspace.o)
    0x200020d0        -       0x00000400   Zero   RW            2    HEAP                startup_stm32g431xx.o
    0x200024d0        -       0x00000800   Zero   RW            1    STACK               startup_stm32g431xx.o


==============================================================================

Image component sizes


      Code (inc. data)   RO Data    RW Data    ZI Data      Debug   Object Name

       356         14          0         40          0       3401   acc_gry.o
      2024         70          0         12        208       5198   attitude.o
        62          0          0          0          0       1128   data_filter.o
       162         26          0          0          0       2568   debug.o
       156          8          0          0          0       1019   gpio.o
       492         56          0          0        168       2598   i2c.o
       160         16          0          0          0       3816   iic_bus.o
      1456        140          0          2        238       7884   imu_9.o
       292         28          0          0       2048       4475   in_flash.o
       560         22          0         40          0       3253   magnetic.o
       158          0          0          0          0     682982   main.o
       698         78          0          0          0       4832   my_math.o
       418        130          0          4        232       3784   shell_driver.o
        64         26        472          0       3072        864   startup_stm32g431xx.o
       162         24          0         12          0       4465   stm32g4xx_hal.o
       198         14          0          0          0      33959   stm32g4xx_hal_cortex.o
       226          0          0          0          0       1999   stm32g4xx_hal_dma.o
       400         48          0         32          0      23406   stm32g4xx_hal_flash.o
       372         28          0          0          0       4306   stm32g4xx_hal_flash_ex.o
       610         34          0          0          0       3069   stm32g4xx_hal_gpio.o
      1736         38          0          0          0      12530   stm32g4xx_hal_i2c.o
       168          0          0          0          0       1971   stm32g4xx_hal_i2c_ex.o
        48          6          0          0          0        902   stm32g4xx_hal_msp.o
      2992          0          0          0          0      14977   stm32g4xx_hal_pcd.o
        96          0          0          0          0       2008   stm32g4xx_hal_pcd_ex.o
       204         18          0          0          0       1445   stm32g4xx_hal_pwr_ex.o
      1688         92          0          0          0       6388   stm32g4xx_hal_rcc.o
       648         10          0          0          0       1916   stm32g4xx_hal_rcc_ex.o
      1198         76          0          0          0      10797   stm32g4xx_hal_tim.o
       170         24          0          0          0       5608   stm32g4xx_hal_tim_ex.o
      2144         86         24          0          0      29756   stm32g4xx_hal_uart.o
       288          6         16          0          0       5530   stm32g4xx_hal_uart_ex.o
        56         18          0          0          0       5804   stm32g4xx_it.o
      2520          0          0          0          0      14740   stm32g4xx_ll_usb.o
        16          4         24          4          0       1187   system_stm32g4xx.o
       160         10          0          0         76       1778   tim.o
       244         20          0          0        148       1874   usart.o
        84         18          0          0        720        848   usb_device.o
       802         16          0        271          0      14117   usbd_cdc.o
       140         30          0         22       2048       4199   usbd_cdc_if.o
       684         36          0          0       1276      17666   usbd_conf.o
       652          0          0          0          0      10187   usbd_core.o
      1264         22          0          1          0      14576   usbd_ctlreq.o
       288        104          0         82        512       6366   usbd_desc.o
       132          0          0          0          0       4668   usbd_ioreq.o
       692        258         39         92          0      36032   user_shell.o

    ----------------------------------------------------------------------
     28196       1658        608        620      10752    1026876   Object Totals
         0          0         32          0          0          0   (incl. Generated)
        56          4          1          6          6          0   (incl. Padding)

    ----------------------------------------------------------------------

      Code (inc. data)   RO Data    RW Data    ZI Data      Debug   Library Member Name

        90          0          0          0          0          0   __dczerorl2.o
         8          0          0          0          0         68   __main.o
       392          4         17          0          0         92   __printf_flags_ss_wp.o
        14          0          0          0          0         68   __printf_wp.o
         0          0          0          0          0          0   __rtentry.o
        12          0          0          0          0          0   __rtentry2.o
         6          0          0          0          0          0   __rtentry4.o
        52          8          0          0          0          0   __scatter.o
        28          0          0          0          0          0   __scatter_zi.o
        28          0          0          0          0         68   _chval.o
         6          0          0          0          0          0   _printf_a.o
         6          0          0          0          0          0   _printf_c.o
        44          0          0          0          0        108   _printf_char.o
        48          6          0          0          0         96   _printf_char_common.o
        40          0          0          0          0         68   _printf_charcount.o
         6          0          0          0          0          0   _printf_d.o
       120         16          0          0          0         92   _printf_dec.o
         6          0          0          0          0          0   _printf_e.o
         6          0          0          0          0          0   _printf_f.o
      1054          0          0          0          0        216   _printf_fp_dec.o
       764          8         38          0          0        100   _printf_fp_hex.o
       128         16          0          0          0         84   _printf_fp_infnan.o
         6          0          0          0          0          0   _printf_g.o
       148          4         40          0          0        160   _printf_hex_int_ll_ptr.o
         6          0          0          0          0          0   _printf_i.o
       178          0          0          0          0         88   _printf_intcommon.o
        10          0          0          0          0          0   _printf_l.o
         6          0          0          0          0          0   _printf_lc.o
        10          0          0          0          0          0   _printf_ll.o
         6          0          0          0          0          0   _printf_lld.o
         6          0          0          0          0          0   _printf_lli.o
         6          0          0          0          0          0   _printf_llo.o
         6          0          0          0          0          0   _printf_llu.o
         6          0          0          0          0          0   _printf_llx.o
       124         16          0          0          0         92   _printf_longlong_dec.o
         6          0          0          0          0          0   _printf_ls.o
         6          0          0          0          0          0   _printf_n.o
         6          0          0          0          0          0   _printf_o.o
       112         10          0          0          0        124   _printf_oct_int_ll.o
         6          0          0          0          0          0   _printf_p.o
        78          0          0          0          0        108   _printf_pad.o
         0          0          0          0          0          0   _printf_percent.o
         4          0          0          0          0          0   _printf_percent_end.o
         6          0          0          0          0          0   _printf_s.o
        82          0          0          0          0         80   _printf_str.o
        36          0          0          0          0         84   _printf_truncate.o
         6          0          0          0          0          0   _printf_u.o
        44          0          0          0          0        108   _printf_wchar.o
       188          6          8          0          0         92   _printf_wctomb.o
         6          0          0          0          0          0   _printf_x.o
        22          0          0          0          0        100   _rserrno.o
        16          0          0          0          0         68   _snputc.o
        10          0          0          0          0         68   _sputc.o
       158          0          0          0          0         92   _strtoul.o
        64          0          0          0          0         92   _wcrtomb.o
        26          0          0          0          0         80   atoi.o
       228          4        148          0          0         96   bigflt0.o
      1936        128          0          0          0        672   btod.o
        18          0          0          0          0         80   exit.o
         6          0          0          0          0        152   heapauxi.o
         0          0          0          0          0          0   indicate_semi.o
        44         10        272          0          0         76   lc_ctype_c.o
        44         10         28          0          0         76   lc_numeric_c.o
         2          0          0          0          0          0   libinit.o
        34          0          0          0          0          0   libinit2.o
         2          0          0          0          0          0   libshutdown.o
         2          0          0          0          0          0   libshutdown2.o
         8          4          0          0         96         68   libspace.o
       138          0          0          0          0         80   lludiv10.o
       238          0          0          0          0        100   lludivv7m.o
        16          4          0          0          0         76   rt_ctype_table.o
         8          4          0          0          0         68   rt_errno_addr_intlibspace.o
         8          4          0          0          0         68   rt_locale_intlibspace.o
        78          0          0          0          0         80   rt_memclr_w.o
         2          0          0          0          0          0   rtexit.o
        10          0          0          0          0          0   rtexit2.o
       128          0          0          0          0         68   strcmpv7m.o
        72          0          0          0          0         80   strcpy.o
        32          0          0          0          0         80   strcspn.o
        28          0          0          0          0         80   strspn.o
        36          0          0          0          0         80   strstr.o
        12          6          0          4          0         68   strtok.o
        68          4          0          0          0         84   strtok_int.o
       112          0          0          0          0         88   strtol.o
        12          4          0          0          0         68   sys_exit.o
        74          0          0          0          0         80   sys_stackheap_outer.o
         2          0          0          0          0         68   use_no_semi.o
        52          4          0          0          0         80   vsnprintf.o
        24          0          0          0          0        164   basic.o
        98          4          0          0          0        140   d2f.o
       826         16          0          0          0        492   daddsub_clz.o
        24          0          0          0          0        116   dcmpi.o
       688        140          0          0          0        256   ddiv.o
       120          4          0          0          0        140   deqf.o
       340         12          0          0          0        152   dmul.o
       156          4          0          0          0        140   dnaninf.o
        12          0          0          0          0        116   dretinf.o
        86          4          0          0          0        132   f2d.o
       140          4          0          0          0        132   fnaninf.o
        10          0          0          0          0        116   fpinit.o
        10          0          0          0          0        116   fretinf.o
         4          0          0          0          0        116   printf1.o
         4          0          0          0          0        116   printf2.o
         0          0          0          0          0          0   usenofp.o
       744        106        152          0          0        352   atan.o
       512         64          0          0          0        208   atan2.o
        72          8          0          0          0        372   dunder.o
        24          0          0          0          0        124   fabs.o
        48          0          0          0          0        124   fpclassify.o
       248          0          0          0          0        152   poly.o
         0          0          8          0          0          0   qnan.o

    ----------------------------------------------------------------------
     11926        646        718          4         96       8888   Library Totals
        28          0          7          0          0          0   (incl. Padding)

    ----------------------------------------------------------------------

      Code (inc. data)   RO Data    RW Data    ZI Data      Debug   Library Name

      7708        280        551          4         96       5112   c_w.l
      2542        188          0          0          0       2444   fz_wm.l
      1648        178        160          0          0       1332   m_wm.l

    ----------------------------------------------------------------------
     11926        646        718          4         96       8888   Library Totals

    ----------------------------------------------------------------------

==============================================================================


      Code (inc. data)   RO Data    RW Data    ZI Data      Debug   

     40122       2304       1326        624      10848    1005104   Grand Totals
     40122       2304       1326        268      10848    1005104   ELF Image Totals (compressed)
     40122       2304       1326        268          0          0   ROM Totals

==============================================================================

    Total RO  Size (Code + RO Data)                41448 (  40.48kB)
    Total RW  Size (RW Data + ZI Data)             11472 (  11.20kB)
    Total ROM Size (Code + RO Data + RW Data)      41716 (  40.74kB)

==============================================================================

