<html>
<body>
<pre>
<h1>µVision Build Log</h1>
<h2>Tool Versions:</h2>
IDE-Version: ¦ÌVision V5.42.0.0
Copyright (C) 2025 ARM Ltd and ARM Germany GmbH. All rights reserved.
License Information: bug plus, bug, LIC=WHYH9-46UBS-8TN3P-MCKIY-YJSCE-GG6HH
 
Tool Versions:
Toolchain:       MDK-ARM Plus  Version: 5.42.0.0
Toolchain Path:  D:\keil\KEIL-542A\ARM\ARMCC\Bin
C Compiler:      Armcc.exe V5.06 update 5 (build 528)
Assembler:       Armasm.exe V5.06 update 5 (build 528)
Linker/Locator:  ArmLink.exe V5.06 update 5 (build 528)
Library Manager: ArmAr.exe V5.06 update 5 (build 528)
Hex Converter:   FromElf.exe V5.06 update 5 (build 528)
CPU DLL:         SARMCM3.DLL V5.42.0.0
Dialog DLL:      DCM.DLL V1.17.5.0
Target DLL:      Segger\JL2CM3.dll V2.99.45.0
Dialog DLL:      TCM.DLL V1.56.6.0
 
<h2>Project:</h2>
F:\bugplus\firmware\axis\imu_9_dsx_fork\imu_9_DSX_KEIL\source_code\imu_9_keil\MDK-ARM\IMU_9_DSX.uvprojx
Project File Date:  06/24/2025

<h2>Output:</h2>
*** Using Compiler 'V5.06 update 5 (build 528)', folder: 'D:\keil\KEIL-542A\ARM\ARMCC\Bin'
Rebuild target 'IMU_9_DSX'
assembling startup_stm32g431xx.s...
compiling i2c.c...
compiling stm32g4xx_it.c...
compiling gpio.c...
compiling usart.c...
compiling stm32g4xx_hal_pcd_ex.c...
compiling tim.c...
compiling stm32g4xx_hal_pcd.c...
compiling stm32g4xx_hal_msp.c...
compiling usbd_desc.c...
compiling stm32g4xx_hal_rcc.c...
compiling stm32g4xx_hal.c...
compiling usbd_cdc_if.c...
compiling usb_device.c...
compiling main.c...
compiling usbd_conf.c...
compiling stm32g4xx_ll_usb.c...
compiling stm32g4xx_hal_flash_ramfunc.c...
compiling stm32g4xx_hal_dma_ex.c...
compiling stm32g4xx_hal_gpio.c...
compiling stm32g4xx_hal_i2c_ex.c...
compiling stm32g4xx_hal_flash_ex.c...
compiling stm32g4xx_hal_exti.c...
compiling stm32g4xx_hal_cortex.c...
compiling stm32g4xx_hal_flash.c...
compiling stm32g4xx_hal_pwr.c...
compiling stm32g4xx_hal_pwr_ex.c...
compiling stm32g4xx_hal_dma.c...
compiling my_math.c...
compiling stm32g4xx_hal_rcc_ex.c...
compiling stm32g4xx_hal_tim_ex.c...
compiling stm32g4xx_hal_i2c.c...
compiling stm32g4xx_hal_uart.c...
compiling stm32g4xx_hal_tim.c...
compiling data_filter.c...
compiling system_stm32g4xx.c...
compiling stm32g4xx_hal_uart_ex.c...
compiling kalman_filter.c...
compiling shell_driver.c...
compiling usbd_ctlreq.c...
compiling usbd_core.c...
compiling usbd_cdc.c...
compiling usbd_ioreq.c...
compiling acc_gry.c...
compiling magnetic.c...
..\user\acc_gry_mag\magnetic.c(95): warning:  #177-D: variable "mag_hard_iron"  was declared but never referenced
  	int16_t mag_hard_iron[3];
..\user\acc_gry_mag\magnetic.c(176): warning:  #1035-D: single-precision operand implicitly converted to double-precision
  	if (Xsf >= 0.8 && Xsf <= 1.2 && Ysf >= 0.8 && Ysf <= 1.2)
..\user\acc_gry_mag\magnetic.c(176): warning:  #1035-D: single-precision operand implicitly converted to double-precision
  	if (Xsf >= 0.8 && Xsf <= 1.2 && Ysf >= 0.8 && Ysf <= 1.2)
..\user\acc_gry_mag\magnetic.c(176): warning:  #1035-D: single-precision operand implicitly converted to double-precision
  	if (Xsf >= 0.8 && Xsf <= 1.2 && Ysf >= 0.8 && Ysf <= 1.2)
..\user\acc_gry_mag\magnetic.c(176): warning:  #1035-D: single-precision operand implicitly converted to double-precision
  	if (Xsf >= 0.8 && Xsf <= 1.2 && Ysf >= 0.8 && Ysf <= 1.2)
..\user\acc_gry_mag\magnetic.c(137): warning:  #177-D: variable "Zoffset"  was declared but never referenced
  	int16_t Xoffset,Yoffset,Zoffset;
..\user\acc_gry_mag\magnetic.c(65): warning:  #177-D: function "mag_wait_data_update"  was declared but never referenced
  static void mag_wait_data_update(void)
..\user\acc_gry_mag\magnetic.c: 7 warnings, 0 errors
compiling attitude.c...
compiling user_shell.c...
compiling in_flash.c...
compiling crc8_table.c...
compiling IIC_bus.c...
compiling attitude_algorithm.c...
..\user\imu_algorithm\attitude_algorithm.c(62): warning:  #1035-D: single-precision operand implicitly converted to double-precision
      roll = 
LPHA * (roll + gyroRollRate * 
T) + (1 - ALPHA) * accelRoll;
..\user\imu_algorithm\attitude_algorithm.c(63): warning:  #1035-D: single-precision operand implicitly converted to double-precision
      pitch = 
LPHA * (pitch + gyroPitchRate * 
T) + (1 - ALPHA) * accelPitch;
..\user\imu_algorithm\attitude_algorithm.c(50): warning:  #177-D: variable "yaw"  was declared but never referenced
  	static float yaw = 0.0f;
..\user\imu_algorithm\attitude_algorithm.c(60): warning:  #177-D: variable "gyroYawRate"  was declared but never referenced
  	float gyroYawRate = gyr.z;
..\user\imu_algorithm\attitude_algorithm.c: 4 warnings, 0 errors
compiling imu_9.c...
..\user\imu_algorithm\imu_9.c(120): warning:  #550-D: variable "test_id_ag"  was set but never used
  	uint8_t test_id_ag = 0;
..\user\imu_algorithm\imu_9.c(121): warning:  #550-D: variable "test_id_mag"  was set but never used
  	uint8_t test_id_mag = 0;
..\user\imu_algorithm\imu_9.c(269): warning:  #177-D: variable "mag_yaw_test"  was declared but never referenced
  	float mag_yaw_test;
..\user\imu_algorithm\imu_9.c: 3 warnings, 0 errors
compiling debug.c...
linking...
Program Size: Code=39782 RO-data=1322 RW-data=624 ZI-data=10848  
FromELF: creating hex file...
"IMU_9_DSX\IMU_9_DSX.axf" - 0 Error(s), 14 Warning(s).

<h2>Software Packages used:</h2>

Package Vendor: ARM
                https://www.keil.com/pack/ARM.CMSIS.6.1.0.pack
                ARM::CMSIS@6.1.0
                CMSIS (Common Microcontroller Software Interface Standard)
   * Component: CORE Version: 6.1.0

Package Vendor: Keil
                https://www.keil.com/pack/Keil.STM32G4xx_DFP.2.0.0.pack
                Keil::STM32G4xx_DFP@2.0.0
                STMicroelectronics STM32G4 Series Device Support

<h2>Collection of Component include folders:</h2>
  ./RTE/_IMU_9_DSX
  C:/Users/Administrator/AppData/Local/Arm/Packs/ARM/CMSIS/6.1.0/CMSIS/Core/Include

<h2>Collection of Component Files used:</h2>

   * Component: ARM::CMSIS:CORE@6.1.0
      Include file:  CMSIS/Core/Include/tz_context.h
Build Time Elapsed:  00:00:12
</pre>
</body>
</html>
