../user/imu_algorithm/imu_9.c:36:6:read_flash_information	8	static
../user/imu_algorithm/imu_9.c:92:6:imu_init	16	static
../user/imu_algorithm/imu_9.c:107:6:imu_sample_data	8	static
../user/imu_algorithm/imu_9.c:119:6:imu_data_transition	16	static
../user/imu_algorithm/imu_9.c:138:6:imu_final_data_get	64	static
../user/imu_algorithm/imu_9.c:163:6:imu_9_shell_cmd_to_do	8	static
../user/imu_algorithm/imu_9.c:191:6:data_output_mode	144	static
../user/imu_algorithm/imu_9.c:225:6:HAL_TIM_PeriodElapsedCallback	16	static
