../user/imu_algorithm/imu_9.c:36:6:read_flash_information	24	static
../user/imu_algorithm/imu_9.c:111:6:imu_init	16	static
../user/imu_algorithm/imu_9.c:127:6:imu_sample_data	8	static
../user/imu_algorithm/imu_9.c:139:6:imu_data_transition	16	static
../user/imu_algorithm/imu_9.c:158:6:imu_final_data_get	64	static
../user/imu_algorithm/imu_9.c:183:6:imu_9_shell_cmd_to_do	8	static
../user/imu_algorithm/imu_9.c:211:6:data_output_mode	144	static
../user/imu_algorithm/imu_9.c:247:6:HAL_TIM_PeriodElapsedCallback	24	static
