../user/Fusion/FusionMath.h:127:21:FusionDegreesToRadians	16	static
../user/Fusion/FusionMath.h:136:21:FusionRadiansToDegrees	16	static
../user/Fusion/FusionMath.h:148:21:FusionAsin	16	static
../user/Fusion/FusionMath.h:169:21:FusionFastInverseSqrt	24	static
../user/Fusion/FusionMath.h:191:20:FusionVectorIsZero	24	static
../user/Fusion/FusionMath.h:201:28:FusionVectorAdd	72	static
../user/Fusion/FusionMath.h:216:28:FusionVectorSubtract	72	static
../user/Fusion/FusionMath.h:230:21:FusionVectorSum	24	static
../user/Fusion/FusionMath.h:240:28:FusionVectorMultiplyScalar	64	static
../user/Fusion/FusionMath.h:255:28:FusionVectorHadamardProduct	72	static
../user/Fusion/FusionMath.h:270:28:FusionVectorCrossProduct	72	static
../user/Fusion/FusionMath.h:289:21:FusionVectorDotProduct	48	static
../user/Fusion/FusionMath.h:298:21:FusionVectorMagnitudeSquared	40	static
../user/Fusion/FusionMath.h:307:21:FusionVectorMagnitude	24	static
../user/Fusion/FusionMath.h:316:28:FusionVectorNormalise	56	static
../user/Fusion/FusionMath.h:334:32:FusionQuaternionAdd	88	static
../user/Fusion/FusionMath.h:350:32:FusionQuaternionMultiply	88	static
../user/Fusion/FusionMath.h:373:32:FusionQuaternionMultiplyVector	88	static
../user/Fusion/FusionMath.h:392:32:FusionQuaternionNormalise	88	static
../user/Fusion/FusionAhrs.c:46:6:FusionAhrsInitialise	48	static
../user/Fusion/FusionAhrs.c:64:6:FusionAhrsReset	72	static
../user/Fusion/FusionAhrs.c:85:6:FusionAhrsSetSettings	16	static
../user/Fusion/FusionAhrs.c:113:6:FusionAhrsUpdate	264	static
../user/Fusion/FusionAhrs.c:224:28:HalfGravity	80	static
../user/Fusion/FusionAhrs.c:254:28:HalfMagnetic	96	static
../user/Fusion/FusionAhrs.c:292:28:Feedback	72	static
../user/Fusion/FusionAhrs.c:306:19:Clamp	24	static
../user/Fusion/FusionAhrs.c:324:6:FusionAhrsUpdateNoMagnetometer	56	static
../user/Fusion/FusionAhrs.c:344:6:FusionAhrsUpdateExternalHeading	72	static
../user/Fusion/FusionAhrs.c:369:18:FusionAhrsGetQuaternion	48	static
../user/Fusion/FusionAhrs.c:378:6:FusionAhrsSetQuaternion	32	static
../user/Fusion/FusionAhrs.c:388:14:FusionAhrsGetLinearAcceleration	72	static
../user/Fusion/FusionAhrs.c:418:14:FusionAhrsGetEarthAcceleration	88	static
../user/Fusion/FusionAhrs.c:456:26:FusionAhrsGetInternalStates	48	static
../user/Fusion/FusionAhrs.c:473:17:FusionAhrsGetFlags	24	static
../user/Fusion/FusionAhrs.c:490:6:FusionAhrsSetHeading	48	static
